Processing: docs\ct\abdomen\ct-abdomen-de-rutina-mcb.md
Processing: docs\ct\abdomen\ct-abdomen-pelvis-ohsu.md
Processing: docs\ct\abdomen\ct-abdomen-pelvis-with-contrast.md
Processing: docs\ct\abdomen\ct-abdomen-pelvis-wo-ohsu.md
Processing: docs\ct\abdomen\ct-abdomen-si-pelvis-de-rutina-mcb.md
Processing: docs\ct\abdomen\ct-adrenal-mass-protocol.md
Processing: docs\ct\abdomen\ct-adrenal-protocol-ohsu.md
Processing: docs\ct\abdomen\ct-biphasic-pancreas.md
Processing: docs\ct\abdomen\ct-cap-contrast-ohsu.md
Processing: docs\ct\abdomen\ct-cap-without-contrast-ohsu.md
Processing: docs\ct\abdomen\ct-chest-abdomen-pelvis-with-contrast.md
Processing: docs\ct\abdomen\ct-cistografie-mcb.md
Processing: docs\ct\abdomen\ct-colonography-ohsu.md
Processing: docs\ct\abdomen\ct-colonography-virtual-dartmouth.md
Processing: docs\ct\abdomen\ct-cta-dieap-flap-dartmouth.md
Processing: docs\ct\abdomen\ct-cta-mesenteric-ischemia-dartmouth.md
Processing: docs\ct\abdomen\ct-cystogram-ohsu.md
Processing: docs\ct\abdomen\ct-cystogram.md
Processing: docs\ct\abdomen\ct-enterografie-intestin-subtire.md
Processing: docs\ct\abdomen\ct-enterografie-monofazica-mcb.md
Processing: docs\ct\abdomen\ct-enterografie-multifazica-mcb.md
Processing: docs\ct\abdomen\ct-enterography-ohsu.md
Processing: docs\ct\abdomen\ct-enterography.md
Processing: docs\ct\abdomen\ct-ficat-inainte-de-sirt-mcb.md
Processing: docs\ct\abdomen\ct-ficat-mcb.md
Processing: docs\ct\abdomen\ct-hemoragie-acuta-mcb.md
Processing: docs\ct\abdomen\ct-ischemie-mezenterica-mcb.md
Processing: docs\ct\abdomen\ct-ivp-intravenous-pyelogram.md
Processing: docs\ct\abdomen\ct-kub-non-contrast.md
Processing: docs\ct\abdomen\ct-litiaza-renala-mcb.md
Processing: docs\ct\abdomen\ct-mdct-abdomen-acute-abdomen-and-pelvis-tr-toshiba-aquilion-32-2.md
Processing: docs\ct\abdomen\ct-mdct-abdomen-acute-body-area-not-specifi-scanner-not-specified-model-not-specified-99.md
Processing: docs\ct\abdomen\ct-mdct-abdomen-acute-ge-discovery-ct750-hd.md
Processing: docs\ct\abdomen\ct-mdct-abdomen-acute-ge-lightspeed-16slice-22.md
Processing: docs\ct\abdomen\ct-mdct-abdomen-acute-ge-lightspeed-16slice.md
Processing: docs\ct\abdomen\ct-mdct-abdomen-acute-ge-lightspeed-64slice.md
Processing: docs\ct\abdomen\ct-mdct-abdomen-acute-ge-lightspeed-pro-16slice-8.md
Processing: docs\ct\abdomen\ct-mdct-abdomen-acute-ge-lightspeed-qx-i-4-slice.md
Processing: docs\ct\abdomen\ct-mdct-abdomen-acute-ge-lightspeed-qxi-4slice-22.md
Processing: docs\ct\abdomen\ct-mdct-abdomen-acute-ge-lightspeed-qxi-4slice.md
Processing: docs\ct\abdomen\ct-mdct-abdomen-acute-ge-lightspeed-ultra-8slice-22.md
Processing: docs\ct\abdomen\ct-mdct-abdomen-acute-ge-lightspeed-ultra-8slice.md
Processing: docs\ct\abdomen\ct-mdct-abdomen-acute-philips-16slice-30.md
Processing: docs\ct\abdomen\ct-mdct-abdomen-acute-philips-16slice.md
Processing: docs\ct\abdomen\ct-mdct-abdomen-acute-philips-40slice.md
Processing: docs\ct\abdomen\ct-mdct-abdomen-acute-philips-4slice-20.md
Processing: docs\ct\abdomen\ct-mdct-abdomen-acute-philips-4slice.md
Processing: docs\ct\abdomen\ct-mdct-abdomen-acute-philips-64slice.md
Processing: docs\ct\abdomen\ct-mdct-abdomen-acute-scanner-not-specified-model-not-specified-104.md
Processing: docs\ct\abdomen\ct-mdct-abdomen-acute-siemens-sensation-16.md
Processing: docs\ct\abdomen\ct-mdct-abdomen-acute-siemens-sensation-64.md
Processing: docs\ct\abdomen\ct-mdct-abdomen-acute-siemens-volume-zoom-4slice.md
Processing: docs\ct\abdomen\ct-mdct-abdomen-acute-toshiba-aquilion-16.md
Processing: docs\ct\abdomen\ct-mdct-abdomen-acute-toshiba-aquilion-64.md
Processing: docs\ct\abdomen\ct-mdct-abdomen-acute-toshiba-aquilion-8.md
Processing: docs\ct\abdomen\ct-mdct-abdomen-acute-toshiba-aquilion-super-4.md
Processing: docs\ct\abdomen\ct-mdct-abdomen-acute-toshiba-aquilionone.md
Processing: docs\ct\abdomen\ct-mdct-abdomen-and-pelvis-routine-survey-b-scanner-not-specified-model-not-specified-88.md
Processing: docs\ct\abdomen\ct-mdct-abdomen-and-pelvis-routine-survey-b-scanner-not-specified-model-not-specified-89.md
Processing: docs\ct\abdomen\ct-mdct-abdomen-and-pelvis-routine-survey-ge-lightspeed-64slice-1.md
Processing: docs\ct\abdomen\ct-mdct-abdomen-and-pelvis-routine-survey-ge-lightspeed-qx-i-4-slice-2.md
Processing: docs\ct\abdomen\ct-mdct-abdomen-and-pelvis-routine-survey-philips-ict-256-slices.md
Processing: docs\ct\abdomen\ct-mdct-abdomen-and-pelvis-routine-survey-siemens-definition-18.md
Processing: docs\ct\abdomen\ct-mdct-abdomen-and-pelvis-routine-survey-siemens-definition-19.md
Processing: docs\ct\abdomen\ct-mdct-abdomen-and-pelvis-routine-survey-siemens-definition-20.md
Processing: docs\ct\abdomen\ct-mdct-abdomen-and-pelvis-routine-survey-siemens-definition-21.md
Processing: docs\ct\abdomen\ct-mdct-abdomen-and-pelvis-routine-survey-siemens-definition-22.md
Processing: docs\ct\abdomen\ct-mdct-abdomen-and-pelvis-routine-survey-siemens-definition-23.md
Processing: docs\ct\abdomen\ct-mdct-abdomen-and-pelvis-routine-survey-siemens-definition-as-34.md
Processing: docs\ct\abdomen\ct-mdct-abdomen-and-pelvis-routine-survey-siemens-definition-as-35.md
Processing: docs\ct\abdomen\ct-mdct-abdomen-and-pelvis-routine-survey-siemens-definition-as-36.md
Processing: docs\ct\abdomen\ct-mdct-abdomen-and-pelvis-routine-survey-siemens-definition-as-37.md
Processing: docs\ct\abdomen\ct-mdct-abdomen-and-pelvis-routine-survey-siemens-definition-as-38.md
Processing: docs\ct\abdomen\ct-mdct-abdomen-and-pelvis-routine-survey-siemens-definition-as-39.md
Processing: docs\ct\abdomen\ct-mdct-abdomen-and-pelvis-routine-survey-siemens-definition-as-40.md
Processing: docs\ct\abdomen\ct-mdct-abdomen-and-pelvis-routine-survey-siemens-definition-as-41.md
Processing: docs\ct\abdomen\ct-mdct-abdomen-and-pelvis-routine-survey-siemens-definition-as-42.md
Processing: docs\ct\abdomen\ct-mdct-abdomen-and-pelvis-routine-survey-siemens-definition-as-43.md
Processing: docs\ct\abdomen\ct-mdct-abdomen-and-pelvis-routine-survey-siemens-definition-as-44.md
Processing: docs\ct\abdomen\ct-mdct-abdomen-and-pelvis-routine-survey-siemens-definition-as-45.md
Processing: docs\ct\abdomen\ct-mdct-abdomen-and-pelvis-routine-survey-siemens-definition-as-46.md
Processing: docs\ct\abdomen\ct-mdct-abdomen-and-pelvis-routine-survey-siemens-definition-as-47.md
Processing: docs\ct\abdomen\ct-mdct-abdomen-and-pelvis-routine-survey-siemens-sensation-16-5.md
Processing: docs\ct\abdomen\ct-mdct-abdomen-and-pelvis-routine-survey-siemens-sensation-64-5.md
Processing: docs\ct\abdomen\ct-mdct-abdomen-and-pelvis-routine-survey-siemens-volume-zoom-4slice-5.md
Processing: docs\ct\abdomen\ct-mdct-abdomen-and-pelvis-routine-survey-toshiba-aquilion-16-1.md
Processing: docs\ct\abdomen\ct-mdct-abdomen-and-pelvis-routine-survey-toshiba-aquilion-64-1.md
Processing: docs\ct\abdomen\ct-mdct-abdomen-and-pelvis-routine-survey-toshiba-aquilion-8-1.md
Processing: docs\ct\abdomen\ct-mdct-abdomen-and-pelvis-routine-survey-toshiba-aquilion-super-4-1.md
Processing: docs\ct\abdomen\ct-mdct-abdomen-and-pelvis-trauma-ge-discovery-ct750-hd-3.md
Processing: docs\ct\abdomen\ct-mdct-abdomen-and-pelvis-trauma-ge-lightspeed-16slice-1.md
Processing: docs\ct\abdomen\ct-mdct-abdomen-and-pelvis-trauma-ge-lightspeed-16slice-2.md
Processing: docs\ct\abdomen\ct-mdct-abdomen-and-pelvis-trauma-ge-lightspeed-64slice-2.md
Processing: docs\ct\abdomen\ct-mdct-abdomen-and-pelvis-trauma-ge-lightspeed-qx-i-4-slice-3.md
Processing: docs\ct\abdomen\ct-mdct-abdomen-and-pelvis-trauma-ge-lightspeed-qxi-4slice-1.md
Processing: docs\ct\abdomen\ct-mdct-abdomen-and-pelvis-trauma-ge-lightspeed-qxi-4slice-2.md
Processing: docs\ct\abdomen\ct-mdct-abdomen-and-pelvis-trauma-ge-lightspeed-ultra-8slice-1.md
Processing: docs\ct\abdomen\ct-mdct-abdomen-and-pelvis-trauma-ge-lightspeed-ultra-8slice-2.md
Processing: docs\ct\abdomen\ct-mdct-abdomen-and-pelvis-trauma-liver-tra-scanner-not-specified-model-not-specified-91.md
Processing: docs\ct\abdomen\ct-mdct-abdomen-and-pelvis-trauma-philips-16slice-2.md
Processing: docs\ct\abdomen\ct-mdct-abdomen-and-pelvis-trauma-philips-40slice-2.md
Processing: docs\ct\abdomen\ct-mdct-abdomen-and-pelvis-trauma-philips-4slice-2.md
Processing: docs\ct\abdomen\ct-mdct-abdomen-and-pelvis-trauma-philips-64slice-2.md
Processing: docs\ct\abdomen\ct-mdct-abdomen-and-pelvis-trauma-siemens-sensation-16-1.md
Processing: docs\ct\abdomen\ct-mdct-abdomen-and-pelvis-trauma-siemens-sensation-16-2.md
Processing: docs\ct\abdomen\ct-mdct-abdomen-and-pelvis-trauma-siemens-sensation-64-2.md
Processing: docs\ct\abdomen\ct-mdct-abdomen-and-pelvis-trauma-siemens-volume-zoom-4slice-1.md
Processing: docs\ct\abdomen\ct-mdct-abdomen-and-pelvis-trauma-siemens-volume-zoom-4slice-2.md
Processing: docs\ct\abdomen\ct-mdct-abdomen-and-pelvis-trauma-spleen-tr-scanner-not-specified-model-not-specified-39.md
Processing: docs\ct\abdomen\ct-mdct-abdomen-and-pelvis-trauma-toshiba-aquilion-16-2.md
Processing: docs\ct\abdomen\ct-mdct-abdomen-and-pelvis-trauma-toshiba-aquilion-64-2.md
Processing: docs\ct\abdomen\ct-mdct-abdomen-and-pelvis-trauma-toshiba-aquilion-8-2.md
Processing: docs\ct\abdomen\ct-mdct-abdomen-and-pelvis-trauma-toshiba-aquilion-super-4-2.md
Processing: docs\ct\abdomen\ct-mdct-abdomen-and-pelvis-trauma-toshiba-aquilionone-2.md
Processing: docs\ct\abdomen\ct-mdct-adrenal-gland-philips-256-slice.md
Processing: docs\ct\abdomen\ct-mdct-adrenal-gland-philips-40-slice.md
Processing: docs\ct\abdomen\ct-mdct-adrenal-mass-philips-16-slice.md
Processing: docs\ct\abdomen\ct-mdct-adrenal-mass-philips-4-slice.md
Processing: docs\ct\abdomen\ct-mdct-bladder-urinary-tract-scanner-not-specified-model-not-specified-55.md
Processing: docs\ct\abdomen\ct-mdct-body-area-not-specified-scanner-not-specified-model-not-specified-105.md
Processing: docs\ct\abdomen\ct-mdct-body-area-not-specified-scanner-not-specified-model-not-specified-17.md
Processing: docs\ct\abdomen\ct-mdct-body-area-not-specified-scanner-not-specified-model-not-specified-60.md
Processing: docs\ct\abdomen\ct-mdct-ca-scoring-philips-16-slice-11.md
Processing: docs\ct\abdomen\ct-mdct-ca-scoring-philips-16slice-19.md
Processing: docs\ct\abdomen\ct-mdct-ca-scoring-philips-256-slice-28.md
Processing: docs\ct\abdomen\ct-mdct-ca-scoring-philips-40-slice-19.md
Processing: docs\ct\abdomen\ct-mdct-ca-scoring-philips-40slice-18.md
Processing: docs\ct\abdomen\ct-mdct-ca-scoring-philips-4slice-10.md
Processing: docs\ct\abdomen\ct-mdct-ca-scoring-philips-64-slice-28.md
Processing: docs\ct\abdomen\ct-mdct-cancer-staging-philips-128-slice-5.md
Processing: docs\ct\abdomen\ct-mdct-cancer-staging-philips-16-slice-10.md
Processing: docs\ct\abdomen\ct-mdct-cancer-staging-philips-256-slice-27.md
Processing: docs\ct\abdomen\ct-mdct-cancer-staging-philips-40-slice-18.md
Processing: docs\ct\abdomen\ct-mdct-colon-scanner-not-specified-model-not-specified-43.md
Processing: docs\ct\abdomen\ct-mdct-colonoscopy-philips-256-slice-3.md
Processing: docs\ct\abdomen\ct-mdct-colonoscopy-philips-64-slice-3.md
Processing: docs\ct\abdomen\ct-mdct-ct-enterography-philips-16-slice-2.md
Processing: docs\ct\abdomen\ct-mdct-ct-urography-philips-16-slice-3.md
Processing: docs\ct\abdomen\ct-mdct-ct-urography-philips-4-slice-2.md
Processing: docs\ct\abdomen\ct-mdct-cystogram-philips-256-slice-4.md
Processing: docs\ct\abdomen\ct-mdct-enterography-philips-256-slice-5.md
Processing: docs\ct\abdomen\ct-mdct-enterography-philips-64-slice-5.md
Processing: docs\ct\abdomen\ct-mdct-kidneys-multiphasic-ge-lightspeed-16slice-3.md
Processing: docs\ct\abdomen\ct-mdct-kidneys-multiphasic-ge-lightspeed-64slice-3.md
Processing: docs\ct\abdomen\ct-mdct-kidneys-multiphasic-ge-lightspeed-qx-i-4-slice-4.md
Processing: docs\ct\abdomen\ct-mdct-kidneys-multiphasic-ge-lightspeed-qxi-4slice-3.md
Processing: docs\ct\abdomen\ct-mdct-kidneys-multiphasic-ge-lightspeed-ultra-8slice-3.md
Processing: docs\ct\abdomen\ct-mdct-kidneys-multiphasic-ge-lightspeed-vct-64-slice-6.md
Processing: docs\ct\abdomen\ct-mdct-kidneys-multiphasic-philips-16slice-3.md
Processing: docs\ct\abdomen\ct-mdct-kidneys-multiphasic-philips-40slice-3.md
Processing: docs\ct\abdomen\ct-mdct-kidneys-multiphasic-philips-4slice-3.md
Processing: docs\ct\abdomen\ct-mdct-kidneys-multiphasic-siemens-sensation-16-3.md
Processing: docs\ct\abdomen\ct-mdct-kidneys-multiphasic-siemens-sensation-64-3.md
Processing: docs\ct\abdomen\ct-mdct-kidneys-multiphasic-siemens-volume-zoom-4slice-3.md
Processing: docs\ct\abdomen\ct-mdct-kidneys-multiphasic-toshiba-aquilion-16-3.md
Processing: docs\ct\abdomen\ct-mdct-kidneys-multiphasic-toshiba-aquilion-32-3.md
Processing: docs\ct\abdomen\ct-mdct-kidneys-multiphasic-toshiba-aquilion-64-3.md
Processing: docs\ct\abdomen\ct-mdct-kidneys-multiphasic-toshiba-aquilion-8-3.md
Processing: docs\ct\abdomen\ct-mdct-kidneys-multiphasic-toshiba-aquilion-super-4-3.md
Processing: docs\ct\abdomen\ct-mdct-kidneys-multiphasic-toshiba-aquilionone-3.md
Processing: docs\ct\abdomen\ct-mdct-liver-multiphasic-ge-discovery-ct750-hd-7.md
Processing: docs\ct\abdomen\ct-mdct-liver-multiphasic-ge-lightspeed-16slice-4.md
Processing: docs\ct\abdomen\ct-mdct-liver-multiphasic-ge-lightspeed-64slice-4.md
Processing: docs\ct\abdomen\ct-mdct-liver-multiphasic-ge-lightspeed-qx-i-4-slice-5.md
Processing: docs\ct\abdomen\ct-mdct-liver-multiphasic-ge-lightspeed-qxi-4slice-4.md
Processing: docs\ct\abdomen\ct-mdct-liver-multiphasic-ge-lightspeed-ultra-8slice-4.md
Processing: docs\ct\abdomen\ct-mdct-liver-multiphasic-ge-lightspeed-vct-64-slice-7.md
Processing: docs\ct\abdomen\ct-mdct-liver-multiphasic-philips-16slice-4.md
Processing: docs\ct\abdomen\ct-mdct-liver-multiphasic-philips-256-slice-6.md
Processing: docs\ct\abdomen\ct-mdct-liver-multiphasic-philips-4slice-4.md
Processing: docs\ct\abdomen\ct-mdct-liver-multiphasic-philips-64-slice-6.md
Processing: docs\ct\abdomen\ct-mdct-liver-multiphasic-philips-64slice-3.md
Processing: docs\ct\abdomen\ct-mdct-liver-multiphasic-siemens-sensation-16-4.md
Processing: docs\ct\abdomen\ct-mdct-liver-multiphasic-siemens-sensation-64-4.md
Processing: docs\ct\abdomen\ct-mdct-liver-multiphasic-siemens-volume-zoom-4slice-4.md
Processing: docs\ct\abdomen\ct-mdct-liver-multiphasic-toshiba-aquilion-16-4.md
Processing: docs\ct\abdomen\ct-mdct-liver-multiphasic-toshiba-aquilion-32-4.md
Processing: docs\ct\abdomen\ct-mdct-liver-multiphasic-toshiba-aquilion-64-4.md
Processing: docs\ct\abdomen\ct-mdct-liver-multiphasic-toshiba-aquilion-8-4.md
Processing: docs\ct\abdomen\ct-mdct-liver-multiphasic-toshiba-aquilion-super-4-4.md
Processing: docs\ct\abdomen\ct-mdct-liver-multiphasic-toshiba-aquilionone-4.md
Processing: docs\ct\abdomen\ct-mdct-liver-scanner-not-specified-model-not-specified-29.md
Processing: docs\ct\abdomen\ct-mdct-liver-scanner-not-specified-model-not-specified-30.md
Processing: docs\ct\abdomen\ct-mdct-liver-scanner-not-specified-model-not-specified-31.md
Processing: docs\ct\abdomen\ct-mdct-liver-scanner-not-specified-model-not-specified-32.md
Processing: docs\ct\abdomen\ct-mdct-neuro-ctv-venography-ge-lightspeed-16slice-10.md
Processing: docs\ct\abdomen\ct-mdct-neuro-ctv-venography-ge-lightspeed-16slice-11.md
Processing: docs\ct\abdomen\ct-mdct-neuro-ctv-venography-ge-lightspeed-16slice-9.md
Processing: docs\ct\abdomen\ct-mdct-neuro-ctv-venography-ge-lightspeed-qxi-4slice-10.md
Processing: docs\ct\abdomen\ct-mdct-neuro-ctv-venography-ge-lightspeed-qxi-4slice-11.md
Processing: docs\ct\abdomen\ct-mdct-neuro-ctv-venography-ge-lightspeed-qxi-4slice-9.md
Processing: docs\ct\abdomen\ct-mdct-neuro-ctv-venography-ge-lightspeed-ultra-8slice-10.md
Processing: docs\ct\abdomen\ct-mdct-neuro-ctv-venography-ge-lightspeed-ultra-8slice-11.md
Processing: docs\ct\abdomen\ct-mdct-neuro-ctv-venography-ge-lightspeed-ultra-8slice-9.md
Processing: docs\ct\abdomen\ct-mdct-neuro-ctv-venography-philips-16-slice-7.md
Processing: docs\ct\abdomen\ct-mdct-neuro-ctv-venography-philips-16slice-12.md
Processing: docs\ct\abdomen\ct-mdct-neuro-ctv-venography-philips-40slice-12.md
Processing: docs\ct\abdomen\ct-mdct-neuro-ctv-venography-philips-64slice-10.md
Processing: docs\ct\abdomen\ct-mdct-neuro-ctv-venography-philips-64slice-9.md
Processing: docs\ct\abdomen\ct-mdct-neuro-ctv-venography-siemens-sensation-16-13.md
Processing: docs\ct\abdomen\ct-mdct-neuro-ctv-venography-siemens-sensation-64-13.md
Processing: docs\ct\abdomen\ct-mdct-neuro-ctv-venography-siemens-volume-zoom-4slice-13.md
Processing: docs\ct\abdomen\ct-mdct-nissen-fundo-philips-256-slice-8.md
Processing: docs\ct\abdomen\ct-mdct-nissen-fundo-philips-40-slice-7.md
Processing: docs\ct\abdomen\ct-mdct-nissen-fundo-philips-64-slice-8.md
Processing: docs\ct\abdomen\ct-mdct-pancreas-multiphasic-ge-discovery-ct750-hd-8.md
Processing: docs\ct\abdomen\ct-mdct-pancreas-multiphasic-ge-lightspeed-qx-i-4-slice-6.md
Processing: docs\ct\abdomen\ct-mdct-pancreas-multiphasic-ge-lightspeed-vct-64-slice-8.md
Processing: docs\ct\abdomen\ct-mdct-pancreas-multiphasic-philips-16slice-5.md
Processing: docs\ct\abdomen\ct-mdct-pancreas-multiphasic-philips-256-slice-9.md
Processing: docs\ct\abdomen\ct-mdct-pancreas-multiphasic-philips-4slice-5.md
Processing: docs\ct\abdomen\ct-mdct-pancreas-multiphasic-philips-64slice-4.md
Processing: docs\ct\abdomen\ct-mdct-pancreas-multiphasic-toshiba-aquilionone-5.md
Processing: docs\ct\abdomen\ct-mdct-pancreas-scanner-not-specified-model-not-specified-36.md
Processing: docs\ct\abdomen\ct-mdct-pancreas-scanner-not-specified-model-not-specified-37.md
Processing: docs\ct\abdomen\ct-mdct-pancreas-scanner-not-specified-model-not-specified-38.md
Processing: docs\ct\abdomen\ct-mdct-peritoneum-scanner-not-specified-model-not-specified-49.md
Processing: docs\ct\abdomen\ct-mdct-prostate-scanner-not-specified-model-not-specified-56.md
Processing: docs\ct\abdomen\ct-mdct-renal-mass-philips-40-slice-9.md
Processing: docs\ct\abdomen\ct-mdct-renal-mass-philips-64-slice-10.md
Processing: docs\ct\abdomen\ct-mdct-routine-abdomenpelvis-cap-philips-256-slice-12.md
Processing: docs\ct\abdomen\ct-mdct-routine-abdomenpelvis-cap-philips-40-slice-10.md
Processing: docs\ct\abdomen\ct-mdct-routine-abdomenpelvis-cap-philips-64-slice-11.md
Processing: docs\ct\abdomen\ct-mdct-small-bowel-scanner-not-specified-model-not-specified-41.md
Processing: docs\ct\abdomen\ct-mdct-small-bowel-scanner-not-specified-model-not-specified-42.md
Processing: docs\ct\abdomen\ct-mdct-stomach-scanner-not-specified-model-not-specified-40.md
Processing: docs\ct\abdomen\ct-mdct-trauma-admission-cap-or-ap-philips-256-slice-13.md
Processing: docs\ct\abdomen\ct-mdct-trauma-admission-cap-or-ap-philips-40-slice-11.md
Processing: docs\ct\abdomen\ct-mdct-trauma-admission-cap-or-ap-philips-64-slice-12.md
Processing: docs\ct\abdomen\ct-mdct-trauma-shan-scan-philips-256-slice-14.md
Processing: docs\ct\abdomen\ct-mdct-trauma-shan-scan-philips-64-slice-13.md
Processing: docs\ct\abdomen\ct-mdct-unenhanced-abdomenpelvis-cap-philips-256-slice-15.md
Processing: docs\ct\abdomen\ct-mdct-unenhanced-abdomenpelvis-cap-philips-64-slice-14.md
Processing: docs\ct\abdomen\ct-mdct-urinary-tract-scanner-not-specified-model-not-specified-53.md
Processing: docs\ct\abdomen\ct-mdct-urinary-tract-scanner-not-specified-model-not-specified-54.md
Processing: docs\ct\abdomen\ct-mdct-urogram-3-phase-philips-256-slice-16.md
Processing: docs\ct\abdomen\ct-mdct-urogram-3-phase-philips-64-slice-15.md
Processing: docs\ct\abdomen\ct-mdct-urogram-split-bolus-2-phase-philips-256-slice-17.md
Processing: docs\ct\abdomen\ct-mdct-urogram-split-bolus-2-phase-philips-64-slice-16.md
Processing: docs\ct\abdomen\ct-mdct-urography-siemens-sensation-16-6.md
Processing: docs\ct\abdomen\ct-mdct-urography-siemens-sensation-64-6.md
Processing: docs\ct\abdomen\ct-mdct-urography-siemens-volume-zoom-4slice-6.md
Processing: docs\ct\abdomen\ct-mdct-urography-toshiba-aquilion-16-5.md
Processing: docs\ct\abdomen\ct-mdct-urography-toshiba-aquilion-16-6.md
Processing: docs\ct\abdomen\ct-mdct-urography-toshiba-aquilion-8-5.md
Processing: docs\ct\abdomen\ct-mdct-urography-toshiba-aquilion-8-6.md
Processing: docs\ct\abdomen\ct-mdct-urography-toshiba-aquilion-super-4-5.md
Processing: docs\ct\abdomen\ct-mdct-urography-toshiba-aquilion-super-4-6.md
Processing: docs\ct\abdomen\ct-mdct-urolithiasis-renal-stone-ge-discovery-ct750-hd-9.md
Processing: docs\ct\abdomen\ct-mdct-urolithiasis-renal-stone-ge-lightspeed-16slice-5.md
Processing: docs\ct\abdomen\ct-mdct-urolithiasis-renal-stone-ge-lightspeed-16slice-6.md
Processing: docs\ct\abdomen\ct-mdct-urolithiasis-renal-stone-ge-lightspeed-64slice-6.md
Processing: docs\ct\abdomen\ct-mdct-urolithiasis-renal-stone-ge-lightspeed-qx-i-4-slice-7.md
Processing: docs\ct\abdomen\ct-mdct-urolithiasis-renal-stone-ge-lightspeed-qxi-4slice-5.md
Processing: docs\ct\abdomen\ct-mdct-urolithiasis-renal-stone-ge-lightspeed-qxi-4slice-6.md
Processing: docs\ct\abdomen\ct-mdct-urolithiasis-renal-stone-ge-lightspeed-ultra-8slice-5.md
Processing: docs\ct\abdomen\ct-mdct-urolithiasis-renal-stone-ge-lightspeed-ultra-8slice-6.md
Processing: docs\ct\abdomen\ct-mdct-urolithiasis-renal-stone-ge-lightspeed-vct-64-slice-9.md
Processing: docs\ct\abdomen\ct-mdct-urolithiasis-renal-stone-philips-16slice-6.md
Processing: docs\ct\abdomen\ct-mdct-urolithiasis-renal-stone-philips-256-slice-18.md
Processing: docs\ct\abdomen\ct-mdct-urolithiasis-renal-stone-philips-40slice-6.md
Processing: docs\ct\abdomen\ct-mdct-urolithiasis-renal-stone-philips-4slice-6.md
Processing: docs\ct\abdomen\ct-mdct-urolithiasis-renal-stone-philips-64slice-5.md
Processing: docs\ct\abdomen\ct-mdct-urolithiasis-renal-stone-siemens-sensation-16-7.md
Processing: docs\ct\abdomen\ct-mdct-urolithiasis-renal-stone-siemens-sensation-64-7.md
Processing: docs\ct\abdomen\ct-mdct-urolithiasis-renal-stone-siemens-volume-zoom-4slice-7.md
Processing: docs\ct\abdomen\ct-mdct-urolithiasis-renal-stone-toshiba-aquilion-16-7.md
Processing: docs\ct\abdomen\ct-mdct-urolithiasis-renal-stone-toshiba-aquilion-32-7.md
Processing: docs\ct\abdomen\ct-mdct-urolithiasis-renal-stone-toshiba-aquilion-64-7.md
Processing: docs\ct\abdomen\ct-mdct-urolithiasis-renal-stone-toshiba-aquilion-8-7.md
Processing: docs\ct\abdomen\ct-mdct-urolithiasis-renal-stone-toshiba-aquilion-super-4-7.md
Processing: docs\ct\abdomen\ct-mdct-urolithiasis-renal-stone-toshiba-aquilionone-7.md
Processing: docs\ct\abdomen\ct-mdct-virtual-colonoscopy-ge-lightspeed-vct-64-slice-10.md
Processing: docs\ct\abdomen\ct-multiphase-liver-ohsu.md
Processing: docs\ct\abdomen\ct-multiphase-pancreas-ohsu.md
Processing: docs\ct\abdomen\ct-oral-contrast-guidelines-dartmouth.md
Processing: docs\ct\abdomen\ct-pancreas-mcb.md
Processing: docs\ct\abdomen\ct-pancreatita-mcb.md
Processing: docs\ct\abdomen\ct-pelvis-de-rutina-mcb.md
Processing: docs\ct\abdomen\ct-renal-colic-ohsu.md
Processing: docs\ct\abdomen\ct-renal-mass-ohsu.md
Processing: docs\ct\abdomen\ct-renal-mass-protocol.md
Processing: docs\ct\abdomen\ct-rinichi-mcb.md
Processing: docs\ct\abdomen\ct-suprarenale-mcb.md
Processing: docs\ct\abdomen\ct-torace-abdomen-si-pelvis-de-rutina-mcb.md
Processing: docs\ct\abdomen\ct-torace-si-abdomen-de-rutina-mcb.md
Processing: docs\ct\abdomen\ct-triple-phase-liver.md
Processing: docs\ct\abdomen\ct-urografie-de-rutina-mcb.md
Processing: docs\ct\abdomen\ct-urografie-split-bolus-mcb.md
Processing: docs\ct\abdomen\ct-urogram-ohsu.md
Processing: docs\ct\aparate\ct-parametri-aparat-definition-as-64-protocols-vb20-mcb.md
Processing: docs\ct\aparate\ct-parametri-aparat-drive-128-protocols-vb20-mcb.md
Processing: docs\ct\aparate\ct-parametri-aparat-force-192-protocols-vb20-mcb.md
Processing: docs\ct\aparate\ct-parametri-aparat-ge-lightspeed-16-protocols-mcb.md
Processing: docs\ct\aparate\ct-parametri-aparat-ge-ls-vct-64-protocols-mcb.md
Processing: docs\ct\aparate\ct-parametri-aparat-ge-revolution-ascend-plus-128-protocols-mcb.md
Processing: docs\ct\aparate\ct-parametri-aparat-ge-revolution-maxima-64-protocols-mcb.md
Processing: docs\ct\aparate\ct-parametri-aparat-go-top-128-protocols-va40-mcb.md
Processing: docs\ct\aparate\ct-parametri-aparat-philips-incisive-128-protocols-mcb.md
Processing: docs\ct\cardiac\calcium-score.md
Processing: docs\ct\cardiac\coronary-cta-post-cabg.md
Processing: docs\ct\cardiac\coronary-cta.md
Processing: docs\ct\cardiac\ct-artere-coronare-mcb.md
Processing: docs\ct\cardiac\ct-mdct-aortic-dissection-toshiba-aquilion-16-cfx-3.md
Processing: docs\ct\cardiac\ct-mdct-aortic-dissection-toshiba-aquilion-64-cfx-10.md
Processing: docs\ct\cardiac\ct-mdct-ascending-aorta-body-area-not-speci-scanner-not-specified-model-not-specified-80.md
Processing: docs\ct\cardiac\ct-mdct-body-area-not-specified-coronary-ar-scanner-not-specified-model-not-specified-65.md
Processing: docs\ct\cardiac\ct-mdct-body-area-not-specified-coronary-by-scanner-not-specified-model-not-specified-71.md
Processing: docs\ct\cardiac\ct-mdct-body-area-not-specified-coronary-by-scanner-not-specified-model-not-specified-72.md
Processing: docs\ct\cardiac\ct-mdct-body-area-not-specified-coronary-by-scanner-not-specified-model-not-specified-73.md
Processing: docs\ct\cardiac\ct-mdct-body-area-not-specified-scanner-not-specified-model-not-specified-63.md
Processing: docs\ct\cardiac\ct-mdct-body-area-not-specified-scanner-not-specified-model-not-specified-78.md
Processing: docs\ct\cardiac\ct-mdct-body-area-not-specified-thoracic-ao-scanner-not-specified-model-not-specified-79.md
Processing: docs\ct\cardiac\ct-mdct-coronaries-prospective-philips-256-slice-32.md
Processing: docs\ct\cardiac\ct-mdct-coronaries-prospective-philips-64-slice-31.md
Processing: docs\ct\cardiac\ct-mdct-coronaries-retrospective-philips-256-slice-33.md
Processing: docs\ct\cardiac\ct-mdct-coronaries-retrospective-philips-40-slice-22.md
Processing: docs\ct\cardiac\ct-mdct-coronaries-retrospective-philips-64-slice-32.md
Processing: docs\ct\cardiac\ct-mdct-coronary-arteries-ecg-gating-ge-lightspeed-qx-i-4-slice-20.md
Processing: docs\ct\cardiac\ct-mdct-coronary-arteries-ge-lightspeed-16slice-15.md
Processing: docs\ct\cardiac\ct-mdct-coronary-arteries-ge-lightspeed-pro-16slice-1.md
Processing: docs\ct\cardiac\ct-mdct-coronary-arteries-ge-lightspeed-qxi-4slice-15.md
Processing: docs\ct\cardiac\ct-mdct-coronary-arteries-ge-lightspeed-ultra-8slice-15.md
Processing: docs\ct\cardiac\ct-mdct-coronary-arteries-ge-lightspeed-vct-64slice-12.md
Processing: docs\ct\cardiac\ct-mdct-coronary-arteries-heart-ge-64-slice-discovery-ct750-hd-2.md
Processing: docs\ct\cardiac\ct-mdct-coronary-arteries-heart-ge-lightspeed-vct-64-slice-26.md
Processing: docs\ct\cardiac\ct-mdct-coronary-arteries-heart-ge-lightspeed-vct-64slice-14.md
Processing: docs\ct\cardiac\ct-mdct-coronary-arteries-heart-ge-lightspeed-vct-64slice-9.md
Processing: docs\ct\cardiac\ct-mdct-coronary-arteries-heart-retrospecti-philips-128-slice-9.md
Processing: docs\ct\cardiac\ct-mdct-coronary-arteries-heart-toshiba-aquilionone-12.md
Processing: docs\ct\cardiac\ct-mdct-coronary-arteries-philips-128-slice-7.md
Processing: docs\ct\cardiac\ct-mdct-coronary-arteries-philips-128-slice-8.md
Processing: docs\ct\cardiac\ct-mdct-coronary-arteries-philips-16slice-17.md
Processing: docs\ct\cardiac\ct-mdct-coronary-arteries-philips-16slice-18.md
Processing: docs\ct\cardiac\ct-mdct-coronary-arteries-philips-40slice-16.md
Processing: docs\ct\cardiac\ct-mdct-coronary-arteries-philips-40slice-17.md
Processing: docs\ct\cardiac\ct-mdct-coronary-arteries-philips-4slice-8.md
Processing: docs\ct\cardiac\ct-mdct-coronary-arteries-philips-4slice-9.md
Processing: docs\ct\cardiac\ct-mdct-coronary-arteries-philips-ict-256-slices-5.md
Processing: docs\ct\cardiac\ct-mdct-coronary-arteries-siemens-sensation-16-19.md
Processing: docs\ct\cardiac\ct-mdct-coronary-arteries-siemens-sensation-16-20.md
Processing: docs\ct\cardiac\ct-mdct-coronary-arteries-siemens-sensation-64-19.md
Processing: docs\ct\cardiac\ct-mdct-coronary-arteries-siemens-sensation-64-20.md
Processing: docs\ct\cardiac\ct-mdct-coronary-arteries-siemens-volume-zoom-4slice-19.md
Processing: docs\ct\cardiac\ct-mdct-coronary-arteries-siemens-volume-zoom-4slice-20.md
Processing: docs\ct\cardiac\ct-mdct-coronary-arteries-toshiba-aquilion-16-16.md
Processing: docs\ct\cardiac\ct-mdct-coronary-arteries-toshiba-aquilion-16-17.md
Processing: docs\ct\cardiac\ct-mdct-coronary-arteries-toshiba-aquilion-32-16.md
Processing: docs\ct\cardiac\ct-mdct-coronary-arteries-toshiba-aquilion-32-17.md
Processing: docs\ct\cardiac\ct-mdct-coronary-arteries-toshiba-aquilion-64-cfx-2.md
Processing: docs\ct\cardiac\ct-mdct-coronary-arteries-toshiba-aquilion-64-cfx-3.md
Processing: docs\ct\cardiac\ct-mdct-coronary-artery-disease-toshiba-aquilion-64-cfx-11.md
Processing: docs\ct\cardiac\ct-mdct-coronary-bypass-graft-philips-128-slice-10.md
Processing: docs\ct\cardiac\ct-mdct-coronary-bypass-graft-toshiba-aquilionone-13.md
Processing: docs\ct\cardiac\ct-mdct-heart-cabg-philips-256-slice-35.md
Processing: docs\ct\cardiac\ct-mdct-heart-cabg-philips-40-slice-24.md
Processing: docs\ct\cardiac\ct-mdct-heart-cabg-philips-64-slice-34.md
Processing: docs\ct\cardiac\ct-mdct-heart-retrospective-philips-16-slice-13.md
Processing: docs\ct\cardiac\ct-mdct-heart-retrospective-philips-256-slice-34.md
Processing: docs\ct\cardiac\ct-mdct-heart-retrospective-philips-40-slice-23.md
Processing: docs\ct\cardiac\ct-mdct-heart-retrospective-philips-64-slice-33.md
Processing: docs\ct\cardiac\ct-mdct-neuro-cta-carotid-vascular-trauma-toshiba-aquilion-16-cfx-2.md
Processing: docs\ct\cardiac\ct-mdct-peripheral-artery-disease-run-off-v-toshiba-aquilion-64-cfx-5.md
Processing: docs\ct\cardiac\ct-mdct-peripheral-artery-disease-toshiba-aquilion-64-cfx-4.md
Processing: docs\ct\cardiac\ct-mdct-pulmonary-embolism-plus-deep-vein-t-toshiba-aquilion-64-cfx-7.md
Processing: docs\ct\cardiac\ct-mdct-pulmonary-embolism-toshiba-aquilion-64-cfx-6.md
Processing: docs\ct\cardiac\ct-mdct-status-post-coronary-artery-bypass-ge-lightspeed-16-slice-11.md
Processing: docs\ct\cardiac\ct-mdct-status-post-coronary-artery-bypass-ge-lightspeed-qx-i-4-slice-26.md
Processing: docs\ct\cardiac\ct-mdct-status-post-coronary-artery-bypass-ge-lightspeed-ultra-8-slice-8.md
Processing: docs\ct\cardiac\ct-mdct-status-post-coronary-artery-bypass-ge-lightspeed-vct-64-slice-30.md
Processing: docs\ct\cardiac\ct-mdct-thoracic-aorta-gated-toshiba-aquilion-16-cfx.md
Processing: docs\ct\cardiac\ct-mdct-thoracic-aorta-gated-toshiba-aquilion-64-cfx-1.md
Processing: docs\ct\cardiac\ct-mdct-thoracic-aorta-general-toshiba-aquilion-64-cfx-8.md
Processing: docs\ct\cardiac\ct-mdct-vascular-injury-trauma-toshiba-aquilion-64-cfx-9.md
Processing: docs\ct\cardiac\ct-planificare-amaze-lariat-mcb.md
Processing: docs\ct\cardiac\ct-planificare-converge-mcb.md
Processing: docs\ct\cardiac\ct-planificare-tavr-mcb.md
Processing: docs\ct\cardiac\ct-planificare-tmvr-encircle-mcb.md
Processing: docs\ct\cardiac\ct-planificare-watchman-mcb.md
Processing: docs\ct\cardiac\ct-scor-de-calciu-coronarian-mcb.md
Processing: docs\ct\cardiac\endocarditiscardiac-mass.md
Processing: docs\ct\cardiac\gated-cta-cap-sternotomy-revision.md
Processing: docs\ct\cardiac\gated-cta-cap.md
Processing: docs\ct\cardiac\gated-cta-chest-post-op-cardiac-valve.md
Processing: docs\ct\cardiac\gated-cta-chest.md
Processing: docs\ct\cardiac\gated-cta-heart-left-atrial-mapping.md
Processing: docs\ct\cardiac\gated-cta-tavr.md
Processing: docs\ct\cardiac\gated-cta-tmvr.md
Processing: docs\ct\cardiac\gated-cta-ttvr.md
Processing: docs\ct\chest\ct-chest-hrct-expiratory-ohsu.md
Processing: docs\ct\chest\ct-chest-routine-w-wo-ohsu.md
Processing: docs\ct\chest\ct-chest-through-liver-ohsu.md
Processing: docs\ct\chest\ct-cta-tavr-dartmouth.md
Processing: docs\ct\chest\ct-cta-thorax-dissection-dartmouth.md
Processing: docs\ct\chest\ct-embolie-pulmonara-sarcina-medford.md
Processing: docs\ct\chest\ct-esofagografie-mcb.md
Processing: docs\ct\chest\ct-hrct-complet-mcb.md
Processing: docs\ct\chest\ct-hrct-de-rutina-mcb.md
Processing: docs\ct\chest\ct-lung-screening-ohsu.md
Processing: docs\ct\chest\ct-mdct-body-area-not-specified-lung-scanner-not-specified-model-not-specified-18.md
Processing: docs\ct\chest\ct-mdct-body-area-not-specified-lung-scanner-not-specified-model-not-specified-27.md
Processing: docs\ct\chest\ct-mdct-body-area-not-specified-scanner-not-specified-model-not-specified-19.md
Processing: docs\ct\chest\ct-mdct-body-area-not-specified-scanner-not-specified-model-not-specified-20.md
Processing: docs\ct\chest\ct-mdct-body-area-not-specified-scanner-not-specified-model-not-specified-26.md
Processing: docs\ct\chest\ct-mdct-cancer-staging-chest-general-philips-64-slice-27.md
Processing: docs\ct\chest\ct-mdct-chest-general-lung-philips-ict-256-slices-12.md
Processing: docs\ct\chest\ct-mdct-chest-general-philips-128-slice-6.md
Processing: docs\ct\chest\ct-mdct-chest-general-philips-16-slice-12.md
Processing: docs\ct\chest\ct-mdct-chest-general-philips-16slice-21.md
Processing: docs\ct\chest\ct-mdct-chest-general-philips-256-slice-29.md
Processing: docs\ct\chest\ct-mdct-chest-general-philips-40-slice-20.md
Processing: docs\ct\chest\ct-mdct-chest-general-philips-40slice-20.md
Processing: docs\ct\chest\ct-mdct-chest-general-philips-4slice-11.md
Processing: docs\ct\chest\ct-mdct-chest-general-philips-64-slice-29.md
Processing: docs\ct\chest\ct-mdct-chest-general-siemens-sensation-16-30.md
Processing: docs\ct\chest\ct-mdct-chest-general-siemens-sensation-64-30.md
Processing: docs\ct\chest\ct-mdct-chest-general-spn-philips-128-slice-16.md
Processing: docs\ct\chest\ct-mdct-chest-general-spn-philips-256-slice-41.md
Processing: docs\ct\chest\ct-mdct-chest-general-spn-philips-40-slice-28.md
Processing: docs\ct\chest\ct-mdct-chest-general-spn-philips-64-slice-40.md
Processing: docs\ct\chest\ct-mdct-chest-masses-ge-lightspeed-16slice-14.md
Processing: docs\ct\chest\ct-mdct-chest-masses-ge-lightspeed-pro-16slice.md
Processing: docs\ct\chest\ct-mdct-chest-masses-ge-lightspeed-qx-i-4-slice-19.md
Processing: docs\ct\chest\ct-mdct-chest-masses-ge-lightspeed-qxi-4slice-14.md
Processing: docs\ct\chest\ct-mdct-chest-masses-ge-lightspeed-ultra-8slice-14.md
Processing: docs\ct\chest\ct-mdct-chest-masses-ge-lightspeed-vct-64-slice-24.md
Processing: docs\ct\chest\ct-mdct-chest-masses-lung-ge-lightspeed-vct-64slice-8.md
Processing: docs\ct\chest\ct-mdct-chest-masses-philips-ict-256-slices-1.md
Processing: docs\ct\chest\ct-mdct-chest-masses-philips-ict-256-slices-2.md
Processing: docs\ct\chest\ct-mdct-chest-masses-philips-ict-256-slices-3.md
Processing: docs\ct\chest\ct-mdct-chest-masses-philips-ict-256-slices-4.md
Processing: docs\ct\chest\ct-mdct-chest-pain-siemens-sensation-16-32.md
Processing: docs\ct\chest\ct-mdct-chest-pain-siemens-sensation-64-31.md
Processing: docs\ct\chest\ct-mdct-chest-pain-triple-rule-out-philips-16slice-16.md
Processing: docs\ct\chest\ct-mdct-chest-pain-triple-rule-out-philips-40-slice-21.md
Processing: docs\ct\chest\ct-mdct-chest-pain-triple-rule-out-philips-40slice-15.md
Processing: docs\ct\chest\ct-mdct-chest-pain-triple-rule-out-philips-64-slice-30.md
Processing: docs\ct\chest\ct-mdct-chest-pain-triple-rule-out-prospect-philips-256-slice-30.md
Processing: docs\ct\chest\ct-mdct-chest-pain-triple-rule-out-retrospe-philips-256-slice-31.md
Processing: docs\ct\chest\ct-mdct-chest-pain-triple-rule-out-siemens-sensation-16-18.md
Processing: docs\ct\chest\ct-mdct-chest-pain-triple-rule-out-siemens-sensation-64-18.md
Processing: docs\ct\chest\ct-mdct-chest-pain-triple-rule-out-siemens-volume-zoom-4slice-18.md
Processing: docs\ct\chest\ct-mdct-chest-pain-workup-ge-lightspeed-16-slice-7.md
Processing: docs\ct\chest\ct-mdct-chest-pain-workup-ge-lightspeed-vct-64-slice-25.md
Processing: docs\ct\chest\ct-mdct-hrct-helical-philips-128-slice-12.md
Processing: docs\ct\chest\ct-mdct-hrct-helical-philips-16-slice-15.md
Processing: docs\ct\chest\ct-mdct-hrct-helical-philips-256-slice-37.md
Processing: docs\ct\chest\ct-mdct-hrct-helical-philips-40-slice-26.md
Processing: docs\ct\chest\ct-mdct-hrct-helical-philips-64-slice-36.md
Processing: docs\ct\chest\ct-mdct-hrct-philips-128-slice-11.md
Processing: docs\ct\chest\ct-mdct-hrct-philips-16-slice-14.md
Processing: docs\ct\chest\ct-mdct-hrct-philips-256-slice-36.md
Processing: docs\ct\chest\ct-mdct-hrct-philips-40-slice-25.md
Processing: docs\ct\chest\ct-mdct-hrct-philips-64-slice-35.md
Processing: docs\ct\chest\ct-mdct-lung-philips-ict-256-slices-10.md
Processing: docs\ct\chest\ct-mdct-pulmonary-embolism-acute-siemens-volume-zoom-4-slice.md
Processing: docs\ct\chest\ct-mdct-pulmonary-embolism-chronic-siemens-volume-zoom-4-slice-2.md
Processing: docs\ct\chest\ct-mdct-pulmonary-embolism-ge-lightspeed-qx-i-4-slice-23.md
Processing: docs\ct\chest\ct-mdct-pulmonary-embolism-philips-128-slice-13.md
Processing: docs\ct\chest\ct-mdct-pulmonary-embolism-toshiba-aquilion-16-20.md
Processing: docs\ct\chest\ct-mdct-pulmonary-embolism-toshiba-aquilion-32-20.md
Processing: docs\ct\chest\ct-mdct-pulmonary-embolism-toshiba-aquilion-super-4-17.md
Processing: docs\ct\chest\ct-mdct-pulmonary-embolism-toshiba-aquilionone-16.md
Processing: docs\ct\chest\ct-pectus-excavatum-dartmouth.md
Processing: docs\ct\chest\ct-pulmonary-embolism-ohsu.md
Processing: docs\ct\chest\ct-pulmonary-embolism.md
Processing: docs\ct\chest\ct-screening-cancer-pulmonar-mcb.md
Processing: docs\ct\chest\ct-torace-cu-doza-redusa-mcb.md
Processing: docs\ct\chest\ct-torace-de-rutina-mcb.md
Processing: docs\ct\chest\ct-torace-ion-mcb.md
Processing: docs\ct\chest\ct-torace-olympus-mcb.md
Processing: docs\ct\chest\ct-torace-pulmonx-zephyr-mcb.md
Processing: docs\ct\chest\ct-torace-teton-mcb.md
Processing: docs\ct\chest\ct-torace-veran-mcb.md
Processing: docs\ct\chest\ct-torace-vida-mcb.md
Processing: docs\ct\chest\ct-trahee-mcb.md
Processing: docs\ct\chest\dynamic-airway-ct.md
Processing: docs\ct\chest\non-contrast-chest-lung-nodule-ultra-low-dose.md
Processing: docs\ct\chest\non-contrast-ct-chest-low-dose.md
Processing: docs\ct\chest\non-contrast-ct-chest-routine.md
Processing: docs\ct\chest\non-volumetric-hrct-1-phase-prone.md
Processing: docs\ct\chest\non-volumetric-hrct-1-respiratory-phase.md
Processing: docs\ct\chest\non-volumetric-hrct-3-respiratory-phases.md
Processing: docs\ct\chest\quantitative-lung-density-ct.md
Processing: docs\ct\chest\volumetric-hrct-2-respiratory-phases.md
Processing: docs\ct\msk\ct-ankle.md
Processing: docs\ct\msk\ct-antepicior-mcb.md
Processing: docs\ct\msk\ct-arthrogram-shoulder.md
Processing: docs\ct\msk\ct-bazin-osos-mcb.md
Processing: docs\ct\msk\ct-clavicula-mcb.md
Processing: docs\ct\msk\ct-cot-mcb.md
Processing: docs\ct\msk\ct-elbow.md
Processing: docs\ct\msk\ct-foot.md
Processing: docs\ct\msk\ct-genunchi-depuy-mcb.md
Processing: docs\ct\msk\ct-genunchi-mako-mcb.md
Processing: docs\ct\msk\ct-genunchi-mcb.md
Processing: docs\ct\msk\ct-genunchi-restor3d-conformis-mcb.md
Processing: docs\ct\msk\ct-genunchi-zimmer-mcb.md
Processing: docs\ct\msk\ct-glezna-maven-mcb.md
Processing: docs\ct\msk\ct-glezna-prophecy-mcb.md
Processing: docs\ct\msk\ct-glezna-si-retropicior-mcb.md
Processing: docs\ct\msk\ct-gout-protocol.md
Processing: docs\ct\msk\ct-hand.md
Processing: docs\ct\msk\ct-hip.md
Processing: docs\ct\msk\ct-knee.md
Processing: docs\ct\msk\ct-lower-extremity.md
Processing: docs\ct\msk\ct-mana-mcb.md
Processing: docs\ct\msk\ct-masurarea-lungimii-membrelor-mcb.md
Processing: docs\ct\msk\ct-oase-lungi-mcb.md
Processing: docs\ct\msk\ct-pelvis-msk.md
Processing: docs\ct\msk\ct-pumn-mcb.md
Processing: docs\ct\msk\ct-shoulder.md
Processing: docs\ct\msk\ct-sold-mako-mcb.md
Processing: docs\ct\msk\ct-sold-mcb.md
Processing: docs\ct\msk\ct-umar-arthrex-mcb.md
Processing: docs\ct\msk\ct-umar-catalyst-mcb.md
Processing: docs\ct\msk\ct-umar-mcb.md
Processing: docs\ct\msk\ct-umar-stryker-mcb.md
Processing: docs\ct\msk\ct-upper-extremity.md
Processing: docs\ct\msk\ct-wrist.md
Processing: docs\ct\msk\msk-protocol-general.md
Processing: docs\ct\neuro\brain-stroke-protocol.md
Processing: docs\ct\neuro\ct-angio-ct-cerebral-mcb.md
Processing: docs\ct\neuro\ct-angio-ct-cerebral-si-cervical-mcb.md
Processing: docs\ct\neuro\ct-angio-ct-cervical-mcb.md
Processing: docs\ct\neuro\ct-brain-attack-avc-acut.md
Processing: docs\ct\neuro\ct-c-spine-ohsu.md
Processing: docs\ct\neuro\ct-cervical-spine.md
Processing: docs\ct\neuro\ct-cisternografie-mcb.md
Processing: docs\ct\neuro\ct-coloana-cervicala-mcb.md
Processing: docs\ct\neuro\ct-coloana-lombara-mcb.md
Processing: docs\ct\neuro\ct-coloana-lombara-preoperator-mcb.md
Processing: docs\ct\neuro\ct-coloana-toracica-mcb.md
Processing: docs\ct\neuro\ct-complete-spine.md
Processing: docs\ct\neuro\ct-conducte-auditive-interne-si-oase-temporale-mcb.md
Processing: docs\ct\neuro\ct-craniu-de-rutina-mcb.md
Processing: docs\ct\neuro\ct-craniu-preoperator-mcb.md
Processing: docs\ct\neuro\ct-cta-carotids-circle-of-willis-dartmouth.md
Processing: docs\ct\neuro\ct-face-trauma-dartmouth.md
Processing: docs\ct\neuro\ct-facial-bones.md
Processing: docs\ct\neuro\ct-head-3d-stereotactic.md
Processing: docs\ct\neuro\ct-head-stealth-stereotactic-ohsu.md
Processing: docs\ct\neuro\ct-head-w-delayed-ohsu.md
Processing: docs\ct\neuro\ct-head-wo-ohsu.md
Processing: docs\ct\neuro\ct-l-spine-ohsu.md
Processing: docs\ct\neuro\ct-lumbar-spine.md
Processing: docs\ct\neuro\ct-masiv-facial-si-orbite-mcb.md
Processing: docs\ct\neuro\ct-mdct-body-area-not-specified-neuro-ctv-v-ge-lightspeed-vct-64slice-4.md
Processing: docs\ct\neuro\ct-mdct-brain-perfusion-cine-mode-ge-lightspeed-vct-64-slice-11.md
Processing: docs\ct\neuro\ct-mdct-brain-perfusion-ge-lightspeed-16slice-8.md
Processing: docs\ct\neuro\ct-mdct-brain-perfusion-ge-lightspeed-qx-i-4-slice-9.md
Processing: docs\ct\neuro\ct-mdct-brain-perfusion-ge-lightspeed-qxi-4slice-8.md
Processing: docs\ct\neuro\ct-mdct-brain-perfusion-ge-lightspeed-ultra-8slice-8.md
Processing: docs\ct\neuro\ct-mdct-brain-perfusion-philips-16slice-8.md
Processing: docs\ct\neuro\ct-mdct-brain-perfusion-philips-40slice-8.md
Processing: docs\ct\neuro\ct-mdct-brain-perfusion-philips-64-slice-18.md
Processing: docs\ct\neuro\ct-mdct-brain-perfusion-philips-ict-256-slices-13.md
Processing: docs\ct\neuro\ct-mdct-brain-perfusion-philips-ict-256-slices-14.md
Processing: docs\ct\neuro\ct-mdct-brain-perfusion-philips-ict-256-slices-15.md
Processing: docs\ct\neuro\ct-mdct-brain-perfusion-philips-ict-256-slices-16.md
Processing: docs\ct\neuro\ct-mdct-brain-perfusion-philips-ict-256-slices-17.md
Processing: docs\ct\neuro\ct-mdct-brain-perfusion-philips-ict-256-slices-19.md
Processing: docs\ct\neuro\ct-mdct-brain-perfusion-shuttle-mode-ge-lightspeed-vct-64-slice-12.md
Processing: docs\ct\neuro\ct-mdct-brain-perfusion-siemens-sensation-16-10.md
Processing: docs\ct\neuro\ct-mdct-brain-perfusion-siemens-sensation-64-10.md
Processing: docs\ct\neuro\ct-mdct-brain-perfusion-siemens-volume-zoom-4slice-10.md
Processing: docs\ct\neuro\ct-mdct-brain-routine-brain-perfusion-ge-lightspeed-vct-64slice-2.md
Processing: docs\ct\neuro\ct-mdct-brain-routine-ge-lightspeed-16slice-7.md
Processing: docs\ct\neuro\ct-mdct-brain-routine-ge-lightspeed-qx-i-4-slice-8.md
Processing: docs\ct\neuro\ct-mdct-brain-routine-ge-lightspeed-qxi-4slice-7.md
Processing: docs\ct\neuro\ct-mdct-brain-routine-ge-lightspeed-ultra-8slice-7.md
Processing: docs\ct\neuro\ct-mdct-brain-routine-ge-lightspeed-vct-64slice-1.md
Processing: docs\ct\neuro\ct-mdct-brain-routine-ge-lightspeed-vct-64slice.md
Processing: docs\ct\neuro\ct-mdct-brain-routine-maxillofacial-orbits-philips-64slice-6.md
Processing: docs\ct\neuro\ct-mdct-brain-routine-maxillofacial-orbits-toshiba-aquilion-64-13.md
Processing: docs\ct\neuro\ct-mdct-brain-routine-neuro-neck-mixed-vasc-ge-lightspeed-vct-64slice-3.md
Processing: docs\ct\neuro\ct-mdct-brain-routine-nonhelical-philips-64-slice-17.md
Processing: docs\ct\neuro\ct-mdct-brain-routine-orbit-axial-mode-axia-toshiba-aquilionone-10.md
Processing: docs\ct\neuro\ct-mdct-brain-routine-orbit-axial-mode-axia-toshiba-aquilionone-8.md
Processing: docs\ct\neuro\ct-mdct-brain-routine-orbit-axial-mode-axia-toshiba-aquilionone-9.md
Processing: docs\ct\neuro\ct-mdct-brain-routine-philips-16slice-7.md
Processing: docs\ct\neuro\ct-mdct-brain-routine-siemens-sensation-16-9.md
Processing: docs\ct\neuro\ct-mdct-brain-routine-siemens-sensation-64-9.md
Processing: docs\ct\neuro\ct-mdct-brain-routine-siemens-volume-zoom-4slice-9.md
Processing: docs\ct\neuro\ct-mdct-brain-routine-toshiba-aquilion-16-9.md
Processing: docs\ct\neuro\ct-mdct-brain-routine-toshiba-aquilion-32-9.md
Processing: docs\ct\neuro\ct-mdct-brain-routine-toshiba-aquilion-64-8.md
Processing: docs\ct\neuro\ct-mdct-brain-routine-toshiba-aquilion-super-4-9.md
Processing: docs\ct\neuro\ct-mdct-brain-sequential-child-siemens-definition-1.md
Processing: docs\ct\neuro\ct-mdct-brain-sequential-child-siemens-definition-2.md
Processing: docs\ct\neuro\ct-mdct-brain-sequential-child-siemens-definition-3.md
Processing: docs\ct\neuro\ct-mdct-brain-sequential-child-siemens-definition-4.md
Processing: docs\ct\neuro\ct-mdct-brain-sequential-child-siemens-definition-as-1.md
Processing: docs\ct\neuro\ct-mdct-brain-sequential-child-siemens-definition-as-2.md
Processing: docs\ct\neuro\ct-mdct-brain-sequential-child-siemens-definition-as-3.md
Processing: docs\ct\neuro\ct-mdct-brain-sequential-child-siemens-definition-as-4.md
Processing: docs\ct\neuro\ct-mdct-brain-sequential-child-siemens-definition-as-5.md
Processing: docs\ct\neuro\ct-mdct-brain-sequential-child-siemens-definition-as-6.md
Processing: docs\ct\neuro\ct-mdct-brain-sequential-child-siemens-definition-as-7.md
Processing: docs\ct\neuro\ct-mdct-brain-sequential-child-siemens-definition-as-8.md
Processing: docs\ct\neuro\ct-mdct-brain-sequential-child-siemens-definition-as-9.md
Processing: docs\ct\neuro\ct-mdct-brain-sequential-child-siemens-definition-as.md
Processing: docs\ct\neuro\ct-mdct-brain-sequential-child-siemens-definition.md
Processing: docs\ct\neuro\ct-mdct-brain-sequential-child-toshiba-aquilion-16-30.md
Processing: docs\ct\neuro\ct-mdct-brain-sequential-child-toshiba-aquilion-16-31.md
Processing: docs\ct\neuro\ct-mdct-brain-sequential-child-toshiba-aquilion-16-32.md
Processing: docs\ct\neuro\ct-mdct-cervical-spine-philips-16-slice-4.md
Processing: docs\ct\neuro\ct-mdct-cervical-spine-philips-256-slice-19.md
Processing: docs\ct\neuro\ct-mdct-cervical-spine-philips-40-slice-16.md
Processing: docs\ct\neuro\ct-mdct-cervical-spine-philips-64-slice-19.md
Processing: docs\ct\neuro\ct-mdct-larynx-series-use-in-addition-to-ne-ge-lightspeed-16-slice.md
Processing: docs\ct\neuro\ct-mdct-larynx-series-use-in-addition-to-ne-ge-lightspeed-qx-i-4-slice-10.md
Processing: docs\ct\neuro\ct-mdct-larynx-series-use-in-addition-to-ne-ge-lightspeed-ultra-8-slice.md
Processing: docs\ct\neuro\ct-mdct-larynx-series-use-in-addition-to-ne-ge-lightspeed-vct-64-slice-13.md
Processing: docs\ct\neuro\ct-mdct-larynx-series-use-in-addition-to-ne-philips-16slice-11.md
Processing: docs\ct\neuro\ct-mdct-larynx-series-use-in-addition-to-ne-philips-40slice-11.md
Processing: docs\ct\neuro\ct-mdct-maxillofacial-orbits-and-sinuses-ge-lightspeed-16slice-12.md
Processing: docs\ct\neuro\ct-mdct-maxillofacial-orbits-and-sinuses-ge-lightspeed-16slice-13.md
Processing: docs\ct\neuro\ct-mdct-maxillofacial-orbits-and-sinuses-ge-lightspeed-qxi-4slice-12.md
Processing: docs\ct\neuro\ct-mdct-maxillofacial-orbits-and-sinuses-ge-lightspeed-qxi-4slice-13.md
Processing: docs\ct\neuro\ct-mdct-maxillofacial-orbits-and-sinuses-ge-lightspeed-ultra-8slice-12.md
Processing: docs\ct\neuro\ct-mdct-maxillofacial-orbits-and-sinuses-ge-lightspeed-ultra-8slice-13.md
Processing: docs\ct\neuro\ct-mdct-maxillofacial-orbits-and-sinuses-ge-lightspeed-vct-64slice-5.md
Processing: docs\ct\neuro\ct-mdct-maxillofacial-orbits-and-sinuses-ge-lightspeed-vct-64slice-6.md
Processing: docs\ct\neuro\ct-mdct-maxillofacial-orbits-and-sinuses-philips-16slice-10.md
Processing: docs\ct\neuro\ct-mdct-maxillofacial-orbits-and-sinuses-philips-16slice-13.md
Processing: docs\ct\neuro\ct-mdct-maxillofacial-orbits-and-sinuses-philips-16slice-14.md
Processing: docs\ct\neuro\ct-mdct-maxillofacial-orbits-and-sinuses-philips-16slice-9.md
Processing: docs\ct\neuro\ct-mdct-maxillofacial-orbits-and-sinuses-philips-256-slice-20.md
Processing: docs\ct\neuro\ct-mdct-maxillofacial-orbits-and-sinuses-philips-40slice-10.md
Processing: docs\ct\neuro\ct-mdct-maxillofacial-orbits-and-sinuses-philips-40slice-9.md
Processing: docs\ct\neuro\ct-mdct-maxillofacial-orbits-and-sinuses-philips-64slice-7.md
Processing: docs\ct\neuro\ct-mdct-maxillofacial-orbits-and-sinuses-philips-64slice-8.md
Processing: docs\ct\neuro\ct-mdct-maxillofacial-orbits-and-sinuses-siemens-sensation-16-14.md
Processing: docs\ct\neuro\ct-mdct-maxillofacial-orbits-and-sinuses-siemens-sensation-16-15.md
Processing: docs\ct\neuro\ct-mdct-maxillofacial-orbits-and-sinuses-siemens-sensation-16-16.md
Processing: docs\ct\neuro\ct-mdct-maxillofacial-orbits-and-sinuses-siemens-sensation-64-14.md
Processing: docs\ct\neuro\ct-mdct-maxillofacial-orbits-and-sinuses-siemens-sensation-64-15.md
Processing: docs\ct\neuro\ct-mdct-maxillofacial-orbits-and-sinuses-siemens-sensation-64-16.md
Processing: docs\ct\neuro\ct-mdct-maxillofacial-orbits-and-sinuses-siemens-volume-zoom-4slice-14.md
Processing: docs\ct\neuro\ct-mdct-maxillofacial-orbits-and-sinuses-siemens-volume-zoom-4slice-15.md
Processing: docs\ct\neuro\ct-mdct-maxillofacial-orbits-and-sinuses-siemens-volume-zoom-4slice-16.md
Processing: docs\ct\neuro\ct-mdct-maxillofacial-orbits-and-sinuses-te-philips-64slice-11.md
Processing: docs\ct\neuro\ct-mdct-maxillofacial-orbits-and-sinuses-toshiba-aquilion-16-13.md
Processing: docs\ct\neuro\ct-mdct-maxillofacial-orbits-and-sinuses-toshiba-aquilion-16-14.md
Processing: docs\ct\neuro\ct-mdct-maxillofacial-orbits-and-sinuses-toshiba-aquilion-32-13.md
Processing: docs\ct\neuro\ct-mdct-maxillofacial-orbits-and-sinuses-toshiba-aquilion-32-14.md
Processing: docs\ct\neuro\ct-mdct-maxillofacial-orbits-and-sinuses-toshiba-aquilion-super-4-12.md
Processing: docs\ct\neuro\ct-mdct-maxillofacial-orbits-and-sinuses-toshiba-aquilion-super-4-13.md
Processing: docs\ct\neuro\ct-mdct-neuro-neck-ge-lightspeed-qx-i-4-slice-14.md
Processing: docs\ct\neuro\ct-mdct-neuro-neck-ge-lightspeed-vct-64-slice-17.md
Processing: docs\ct\neuro\ct-mdct-neuro-neck-mixed-vasculaturesoft-ti-philips-16-slice-8.md
Processing: docs\ct\neuro\ct-mdct-neuro-neck-neuro-neck-mixed-vascula-ge-lightspeed-vct-64-slice-19.md
Processing: docs\ct\neuro\ct-mdct-neuro-neck-neuro-neck-mixed-vascula-philips-40slice-13.md
Processing: docs\ct\neuro\ct-mdct-neuro-neck-neuro-neck-mixed-vascula-philips-40slice-7.md
Processing: docs\ct\neuro\ct-mdct-neuro-neck-neuro-neck-mixed-vascula-siemens-definition-14.md
Processing: docs\ct\neuro\ct-mdct-neuro-neck-neuro-neck-mixed-vascula-siemens-definition-15.md
Processing: docs\ct\neuro\ct-mdct-neuro-neck-neuro-neck-mixed-vascula-siemens-definition-16.md
Processing: docs\ct\neuro\ct-mdct-neuro-neck-neuro-neck-mixed-vascula-siemens-definition-17.md
Processing: docs\ct\neuro\ct-mdct-neuro-neck-neuro-neck-mixed-vascula-siemens-definition-as-28.md
Processing: docs\ct\neuro\ct-mdct-neuro-neck-neuro-neck-mixed-vascula-siemens-definition-as-29.md
Processing: docs\ct\neuro\ct-mdct-neuro-neck-neuro-neck-mixed-vascula-siemens-definition-as-30.md
Processing: docs\ct\neuro\ct-mdct-neuro-neck-neuro-neck-mixed-vascula-siemens-definition-as-31.md
Processing: docs\ct\neuro\ct-mdct-neuro-neck-neuro-neck-mixed-vascula-siemens-definition-as-32.md
Processing: docs\ct\neuro\ct-mdct-neuro-neck-neuro-neck-mixed-vascula-siemens-definition-as-33.md
Processing: docs\ct\neuro\ct-mdct-neuro-neck-neuro-neck-mixed-vascula-toshiba-aquilion-16-10.md
Processing: docs\ct\neuro\ct-mdct-neuro-neck-neuro-neck-mixed-vascula-toshiba-aquilion-16-11.md
Processing: docs\ct\neuro\ct-mdct-neuro-neck-neuro-neck-mixed-vascula-toshiba-aquilion-16-12.md
Processing: docs\ct\neuro\ct-mdct-neuro-neck-neuro-neck-mixed-vascula-toshiba-aquilion-32-10.md
Processing: docs\ct\neuro\ct-mdct-neuro-neck-neuro-neck-mixed-vascula-toshiba-aquilion-32-11.md
Processing: docs\ct\neuro\ct-mdct-neuro-neck-neuro-neck-mixed-vascula-toshiba-aquilion-32-12.md
Processing: docs\ct\neuro\ct-mdct-neuro-neck-neuro-neck-mixed-vascula-toshiba-aquilion-64-10.md
Processing: docs\ct\neuro\ct-mdct-neuro-neck-neuro-neck-mixed-vascula-toshiba-aquilion-64-11.md
Processing: docs\ct\neuro\ct-mdct-neuro-neck-neuro-neck-mixed-vascula-toshiba-aquilion-64-12.md
Processing: docs\ct\neuro\ct-mdct-neuro-neck-neuro-neck-mixed-vascula-toshiba-aquilion-64-9.md
Processing: docs\ct\neuro\ct-mdct-neuro-neck-neuro-neck-mixed-vascula-toshiba-aquilion-8-9.md
Processing: docs\ct\neuro\ct-mdct-neuro-neck-neuro-neck-mixed-vascula-toshiba-aquilion-super-4-10.md
Processing: docs\ct\neuro\ct-mdct-neuro-neck-neuro-neck-mixed-vascula-toshiba-aquilion-super-4-11.md
Processing: docs\ct\neuro\ct-mdct-orbit-axial-mode-axial-or-coronal-p-ge-lightspeed-16-slice-2.md
Processing: docs\ct\neuro\ct-mdct-orbit-axial-mode-axial-or-coronal-p-ge-lightspeed-qx-i-4-slice-15.md
Processing: docs\ct\neuro\ct-mdct-orbit-axial-mode-axial-or-coronal-p-ge-lightspeed-ultra-8-slice-2.md
Processing: docs\ct\neuro\ct-mdct-orbit-axial-mode-axial-or-coronal-p-ge-lightspeed-vct-64-slice-18.md
Processing: docs\ct\neuro\ct-mdct-orbit-helical-mode-ge-lightspeed-16-slice-3.md
Processing: docs\ct\neuro\ct-mdct-orbit-helical-mode-ge-lightspeed-qx-i-4-slice-16.md
Processing: docs\ct\neuro\ct-mdct-orbit-helical-mode-ge-lightspeed-ultra-8-slice-3.md
Processing: docs\ct\neuro\ct-mdct-sinus-ge-lightspeed-16-slice-4.md
Processing: docs\ct\neuro\ct-mdct-sinus-ge-lightspeed-qx-i-4-slice-17.md
Processing: docs\ct\neuro\ct-mdct-sinus-ge-lightspeed-ultra-8-slice-4.md
Processing: docs\ct\neuro\ct-mdct-sinus-ge-lightspeed-vct-64-slice-20.md
Processing: docs\ct\neuro\ct-mdct-sinus-siemens-definition-11.md
Processing: docs\ct\neuro\ct-mdct-sinus-siemens-definition-12.md
Processing: docs\ct\neuro\ct-mdct-sinus-siemens-definition-13.md
Processing: docs\ct\neuro\ct-mdct-sinus-siemens-definition-as-22.md
Processing: docs\ct\neuro\ct-mdct-sinus-siemens-definition-as-23.md
Processing: docs\ct\neuro\ct-mdct-sinus-siemens-definition-as-24.md
Processing: docs\ct\neuro\ct-mdct-sinus-siemens-definition-as-25.md
Processing: docs\ct\neuro\ct-mdct-sinus-siemens-definition-as-26.md
Processing: docs\ct\neuro\ct-mdct-sinus-siemens-definition-as-27.md
Processing: docs\ct\neuro\ct-mdct-spine-cervical-ge-lightspeed-16-slice-5.md
Processing: docs\ct\neuro\ct-mdct-spine-cervical-ge-lightspeed-vct-64-slice-21.md
Processing: docs\ct\neuro\ct-mdct-spine-thoracic-and-lumbar-ge-lightspeed-16-slice-6.md
Processing: docs\ct\neuro\ct-mdct-spine-thoracic-and-lumbar-ge-lightspeed-vct-64-slice-22.md
Processing: docs\ct\neuro\ct-mdct-stroke-protocol-philips-256-slice-21.md
Processing: docs\ct\neuro\ct-mdct-stroke-protocol-philips-64-slice-24.md
Processing: docs\ct\neuro\ct-mdct-temporal-bone-philips-16-slice-9.md
Processing: docs\ct\neuro\ct-mdct-temporal-bone-philips-256-slice-22.md
Processing: docs\ct\neuro\ct-mdct-temporal-bone-philips-40-slice-17.md
Processing: docs\ct\neuro\ct-mdct-temporal-bone-philips-64-slice-25.md
Processing: docs\ct\neuro\ct-mdct-temporal-bone-siemens-definition-10.md
Processing: docs\ct\neuro\ct-mdct-temporal-bone-siemens-definition-5.md
Processing: docs\ct\neuro\ct-mdct-temporal-bone-siemens-definition-6.md
Processing: docs\ct\neuro\ct-mdct-temporal-bone-siemens-definition-7.md
Processing: docs\ct\neuro\ct-mdct-temporal-bone-siemens-definition-8.md
Processing: docs\ct\neuro\ct-mdct-temporal-bone-siemens-definition-9.md
Processing: docs\ct\neuro\ct-mdct-temporal-bone-siemens-definition-as-10.md
Processing: docs\ct\neuro\ct-mdct-temporal-bone-siemens-definition-as-11.md
Processing: docs\ct\neuro\ct-mdct-temporal-bone-siemens-definition-as-12.md
Processing: docs\ct\neuro\ct-mdct-temporal-bone-siemens-definition-as-13.md
Processing: docs\ct\neuro\ct-mdct-temporal-bone-siemens-definition-as-14.md
Processing: docs\ct\neuro\ct-mdct-temporal-bone-siemens-definition-as-15.md
Processing: docs\ct\neuro\ct-mdct-temporal-bone-siemens-definition-as-16.md
Processing: docs\ct\neuro\ct-mdct-temporal-bone-siemens-definition-as-17.md
Processing: docs\ct\neuro\ct-mdct-temporal-bone-siemens-definition-as-18.md
Processing: docs\ct\neuro\ct-mdct-temporal-bone-siemens-definition-as-19.md
Processing: docs\ct\neuro\ct-mdct-temporal-bone-siemens-definition-as-20.md
Processing: docs\ct\neuro\ct-mdct-temporal-bone-siemens-definition-as-21.md
Processing: docs\ct\neuro\ct-mielografie-mcb.md
Processing: docs\ct\neuro\ct-myelogram.md
Processing: docs\ct\neuro\ct-orbits.md
Processing: docs\ct\neuro\ct-parathyroid-4d.md
Processing: docs\ct\neuro\ct-paratiroide-mcb.md
Processing: docs\ct\neuro\ct-parti-moi-cervicale-mcb.md
Processing: docs\ct\neuro\ct-perfuzie-cerebrala-mcb.md
Processing: docs\ct\neuro\ct-sinus-stereotactic.md
Processing: docs\ct\neuro\ct-sinus.md
Processing: docs\ct\neuro\ct-sinusuri-mcb.md
Processing: docs\ct\neuro\ct-soft-tissue-neck.md
Processing: docs\ct\neuro\ct-t-spine-ohsu.md
Processing: docs\ct\neuro\ct-temporal-bones.md
Processing: docs\ct\neuro\ct-thoracic-spine.md
Processing: docs\ct\neuro\ct-venografie-cerebrala-mcb.md
Processing: docs\ct\neuro\cta-head-and-neck-arch-to-vertex.md
Processing: docs\ct\neuro\cta-head-neck-ohsu.md
Processing: docs\ct\neuro\cta-head-ohsu.md
Processing: docs\ct\neuro\cta-head.md
Processing: docs\ct\neuro\cta-neck.md
Processing: docs\ct\neuro\ctv-head.md
Processing: docs\ct\neuro\non-contrast-ct-head.md
Processing: docs\ct\parametri-aparate-scanner-defaults.md
Processing: docs\ct\pediatrie\ct-abdomen-si-pelvis-la-copil-mcb.md
Processing: docs\ct\pediatrie\ct-bazin-osos-la-copil-mcb.md
Processing: docs\ct\pediatrie\ct-coloana-cervicala-la-copil-mcb.md
Processing: docs\ct\pediatrie\ct-coloana-lombara-la-copil-mcb.md
Processing: docs\ct\pediatrie\ct-coloana-toracica-la-copil-mcb.md
Processing: docs\ct\pediatrie\ct-craniu-pediatric-mcb.md
Processing: docs\ct\pediatrie\ct-extremitati-la-copil-mcb.md
Processing: docs\ct\pediatrie\ct-masiv-facial-si-orbite-la-copil-mcb.md
Processing: docs\ct\pediatrie\ct-regiune-cervicala-la-copil-mcb.md
Processing: docs\ct\pediatrie\ct-sinusuri-la-copil-mcb.md
Processing: docs\ct\pediatrie\ct-torace-abdomen-si-pelvis-la-copil-mcb.md
Processing: docs\ct\pediatrie\ct-torace-pediatric-mcb.md
Processing: docs\ct\trauma\ct-mdct-whole-body-trauma-excluding-the-hea-siemens-sensation-16-8.md
Processing: docs\ct\trauma\ct-mdct-whole-body-trauma-excluding-the-hea-siemens-sensation-64-8.md
Processing: docs\ct\trauma\ct-mdct-whole-body-trauma-excluding-the-hea-siemens-volume-zoom-4slice-8.md
Processing: docs\ct\trauma\ct-mdct-whole-body-trauma-excluding-the-hea-toshiba-aquilion-16-8.md
Processing: docs\ct\trauma\ct-mdct-whole-body-trauma-excluding-the-hea-toshiba-aquilion-8-8.md
Processing: docs\ct\trauma\ct-mdct-whole-body-trauma-excluding-the-hea-toshiba-aquilion-super-4-8.md
Processing: docs\ct\trauma\ct-pan-scan-trauma-ohsu.md
Processing: docs\ct\trauma\pregnant-trauma-ct-ap.md
Processing: docs\ct\trauma\trauma-chest-ct.md
Processing: docs\ct\trauma\trauma-code-aaa.md
Processing: docs\ct\trauma\trauma-cta-chest-with-pv-ct-ap.md
Processing: docs\ct\trauma\trauma-head-and-c-spine.md
Processing: docs\ct\trauma\trauma-head-c-spine-and-facial-bones.md
Processing: docs\ct\trauma\trauma-lower-extremity-runoff-cta.md
Processing: docs\ct\vascular\ct-angio-ct-membre-inferioare-mcb.md
Processing: docs\ct\vascular\ct-angio-ct-membre-superioare-mcb.md
Processing: docs\ct\vascular\ct-angiografie-runoff-mcb.md
Processing: docs\ct\vascular\ct-aorta-abdominala-mcb.md
Processing: docs\ct\vascular\ct-aorta-completa-torace-abdomen-si-pelvis-mcb.md
Processing: docs\ct\vascular\ct-aorta-endoproteza-evar.md
Processing: docs\ct\vascular\ct-aorta-toracica-mcb.md
Processing: docs\ct\vascular\ct-artere-renale-mcb.md
Processing: docs\ct\vascular\ct-embolie-pulmonara-mcb.md
Processing: docs\ct\vascular\ct-mdct-abdomen-acute-abdomen-and-pelvis-tr-ge-lightspeed-64slice-16.md
Processing: docs\ct\vascular\ct-mdct-abdomen-acute-abdomen-and-pelvis-tr-ge-lightspeed-vct-64slice-16.md
Processing: docs\ct\vascular\ct-mdct-abdomen-acute-body-area-not-specifi-scanner-not-specified-model-not-specified-100.md
Processing: docs\ct\vascular\ct-mdct-abdomen-acute-body-area-not-specifi-scanner-not-specified-model-not-specified-86.md
Processing: docs\ct\vascular\ct-mdct-abdominal-aorta-body-area-not-speci-scanner-not-specified-model-not-specified-84.md
Processing: docs\ct\vascular\ct-mdct-abdominal-aorta-body-area-not-speci-scanner-not-specified-model-not-specified-85.md
Processing: docs\ct\vascular\ct-mdct-abdominal-aorta-digestive-arteries-philips-128-slice.md
Processing: docs\ct\vascular\ct-mdct-abdominal-aorta-digestive-arteries-philips-16slice-1.md
Processing: docs\ct\vascular\ct-mdct-abdominal-aorta-digestive-arteries-philips-40slice-1.md
Processing: docs\ct\vascular\ct-mdct-abdominal-aorta-digestive-arteries-philips-4slice-1.md
Processing: docs\ct\vascular\ct-mdct-abdominal-aorta-digestive-arteries-philips-64slice-1.md
Processing: docs\ct\vascular\ct-mdct-abdominal-aorta-digestive-arteries-scanner-not-specified-model-not-specified-93.md
Processing: docs\ct\vascular\ct-mdct-abdominal-aorta-digestive-arteries-scanner-not-specified-model-not-specified-98.md
Processing: docs\ct\vascular\ct-mdct-abdominal-aorta-ge-lightspeed-vct-64-slice-23.md
Processing: docs\ct\vascular\ct-mdct-abdominal-aorta-ge-lightspeed-vct-64slice-7.md
Processing: docs\ct\vascular\ct-mdct-abdominal-aorta-mesenteric-cta-mese-scanner-not-specified-model-not-specified-82.md
Processing: docs\ct\vascular\ct-mdct-abdominal-aorta-philips-256-slice-23.md
Processing: docs\ct\vascular\ct-mdct-abdominal-aorta-philips-256-slice-24.md
Processing: docs\ct\vascular\ct-mdct-abdominal-aorta-renal-philips-128-slice-2.md
Processing: docs\ct\vascular\ct-mdct-abdominal-aorta-staging-and-stent-g-philips-128-slice-3.md
Processing: docs\ct\vascular\ct-mdct-abdominal-aorta-staging-and-stent-g-philips-256-slice-25.md
Processing: docs\ct\vascular\ct-mdct-abdominal-aortic-aneurysm-body-area-scanner-not-specified-model-not-specified-102.md
Processing: docs\ct\vascular\ct-mdct-abdominal-aortic-aneurysm-ge-lightspeed-16slice-23.md
Processing: docs\ct\vascular\ct-mdct-abdominal-aortic-aneurysm-ge-lightspeed-qx-i-4-slice-18.md
Processing: docs\ct\vascular\ct-mdct-abdominal-aortic-aneurysm-ge-lightspeed-qxi-4slice-23.md
Processing: docs\ct\vascular\ct-mdct-abdominal-aortic-aneurysm-ge-lightspeed-ultra-8slice-23.md
Processing: docs\ct\vascular\ct-mdct-abdominal-aortic-aneurysm-philips-16slice-31.md
Processing: docs\ct\vascular\ct-mdct-abdominal-aortic-aneurysm-siemens-sensation-16-11.md
Processing: docs\ct\vascular\ct-mdct-abdominal-aortic-aneurysm-siemens-sensation-16-12.md
Processing: docs\ct\vascular\ct-mdct-abdominal-aortic-aneurysm-siemens-sensation-16-17.md
Processing: docs\ct\vascular\ct-mdct-abdominal-aortic-aneurysm-siemens-sensation-16-31.md
Processing: docs\ct\vascular\ct-mdct-abdominal-aortic-aneurysm-siemens-sensation-4.md
Processing: docs\ct\vascular\ct-mdct-abdominal-aortic-aneurysm-siemens-sensation-64-11.md
Processing: docs\ct\vascular\ct-mdct-abdominal-aortic-aneurysm-siemens-sensation-64-12.md
Processing: docs\ct\vascular\ct-mdct-abdominal-aortic-aneurysm-siemens-sensation-64-17.md
Processing: docs\ct\vascular\ct-mdct-abdominal-aortic-aneurysm-siemens-volume-zoom-4slice-11.md
Processing: docs\ct\vascular\ct-mdct-abdominal-aortic-aneurysm-siemens-volume-zoom-4slice-12.md
Processing: docs\ct\vascular\ct-mdct-abdominal-aortic-aneurysm-siemens-volume-zoom-4slice-17.md
Processing: docs\ct\vascular\ct-mdct-abdominal-aortic-aneurysm-toshiba-aquilion-16-24.md
Processing: docs\ct\vascular\ct-mdct-abdominal-aortic-aneurysm-toshiba-aquilion-16-25.md
Processing: docs\ct\vascular\ct-mdct-abdominal-aortic-aneurysm-toshiba-aquilion-16-26.md
Processing: docs\ct\vascular\ct-mdct-abdominal-aortic-aneurysm-toshiba-aquilion-16-27.md
Processing: docs\ct\vascular\ct-mdct-abdominal-aortic-aneurysm-toshiba-aquilion-16-28.md
Processing: docs\ct\vascular\ct-mdct-abdominal-aortic-aneurysm-toshiba-aquilion-16-29.md
Processing: docs\ct\vascular\ct-mdct-aortic-dissection-philips-ict-256-slices-7.md
Processing: docs\ct\vascular\ct-mdct-aortic-dissection-philips-ict-256-slices-8.md
Processing: docs\ct\vascular\ct-mdct-aortic-dissection-thoracic-aorta-th-toshiba-aquilionone-11.md
Processing: docs\ct\vascular\ct-mdct-aortic-endograft-philips-256-slice-2.md
Processing: docs\ct\vascular\ct-mdct-aortic-endograft-philips-64-slice-2.md
Processing: docs\ct\vascular\ct-mdct-body-area-not-specified-neuro-cta-c-scanner-not-specified-model-not-specified-75.md
Processing: docs\ct\vascular\ct-mdct-body-area-not-specified-neuro-cta-c-scanner-not-specified-model-not-specified-76.md
Processing: docs\ct\vascular\ct-mdct-body-area-not-specified-scanner-not-specified-model-not-specified-74.md
Processing: docs\ct\vascular\ct-mdct-body-area-not-specified-scanner-not-specified-model-not-specified-83.md
Processing: docs\ct\vascular\ct-mdct-body-area-not-specified-thoracic-ao-scanner-not-specified-model-not-specified-77.md
Processing: docs\ct\vascular\ct-mdct-body-area-not-specified-thoracic-ao-scanner-not-specified-model-not-specified-81.md
Processing: docs\ct\vascular\ct-mdct-brain-routine-brain-perfusion-neuro-scanner-not-specified-model-not-specified-12.md
Processing: docs\ct\vascular\ct-mdct-brain-routine-brain-perfusion-neuro-scanner-not-specified-model-not-specified-13.md
Processing: docs\ct\vascular\ct-mdct-brain-routine-brain-perfusion-neuro-scanner-not-specified-model-not-specified-14.md
Processing: docs\ct\vascular\ct-mdct-brain-routine-brain-perfusion-neuro-scanner-not-specified-model-not-specified-8.md
Processing: docs\ct\vascular\ct-mdct-brain-routine-neuro-cta-aneurysm-ne-philips-ict-256-slices-20.md
Processing: docs\ct\vascular\ct-mdct-brain-routine-neuro-cta-aneurysm-ne-scanner-not-specified-model-not-specified-1.md
Processing: docs\ct\vascular\ct-mdct-brain-routine-neuro-cta-aneurysm-ne-scanner-not-specified-model-not-specified-10.md
Processing: docs\ct\vascular\ct-mdct-brain-routine-neuro-cta-aneurysm-ne-scanner-not-specified-model-not-specified-11.md
Processing: docs\ct\vascular\ct-mdct-brain-routine-neuro-cta-aneurysm-ne-scanner-not-specified-model-not-specified-16.md
Processing: docs\ct\vascular\ct-mdct-brain-routine-neuro-cta-aneurysm-ne-scanner-not-specified-model-not-specified-6.md
Processing: docs\ct\vascular\ct-mdct-brain-routine-neuro-cta-aneurysm-ne-scanner-not-specified-model-not-specified-9.md
Processing: docs\ct\vascular\ct-mdct-brain-routine-neuro-cta-aneurysm-ne-scanner-not-specified-model-not-specified.md
Processing: docs\ct\vascular\ct-mdct-brain-routine-neuro-cta-complete-ne-scanner-not-specified-model-not-specified-3.md
Processing: docs\ct\vascular\ct-mdct-bronchial-arteries-philips-128-slice-4.md
Processing: docs\ct\vascular\ct-mdct-bronchial-arteries-philips-16slice-15.md
Processing: docs\ct\vascular\ct-mdct-bronchial-arteries-philips-256-slice-26.md
Processing: docs\ct\vascular\ct-mdct-bronchial-arteries-philips-40slice-14.md
Processing: docs\ct\vascular\ct-mdct-bronchial-arteries-philips-4slice-7.md
Processing: docs\ct\vascular\ct-mdct-bronchial-arteries-philips-64-slice-26.md
Processing: docs\ct\vascular\ct-mdct-cap-multiregional-oncology-liver-scanner-not-specified-model-not-specified-34.md
Processing: docs\ct\vascular\ct-mdct-cap-multiregional-oncology-scanner-not-specified-model-not-specified-35.md
Processing: docs\ct\vascular\ct-mdct-dvt-following-pe-study-ct-lower-ext-ge-lightspeed-16-slice-8.md
Processing: docs\ct\vascular\ct-mdct-dvt-following-pe-study-ct-lower-ext-ge-lightspeed-qx-i-4-slice-21.md
Processing: docs\ct\vascular\ct-mdct-dvt-following-pe-study-ct-lower-ext-ge-lightspeed-ultra-8-slice-5.md
Processing: docs\ct\vascular\ct-mdct-dvt-following-pe-study-ct-lower-ext-ge-lightspeed-vct-64-slice-27.md
Processing: docs\ct\vascular\ct-mdct-kidney-scanner-not-specified-model-not-specified-52.md
Processing: docs\ct\vascular\ct-mdct-liver-scanner-not-specified-model-not-specified-28.md
Processing: docs\ct\vascular\ct-mdct-liver-scanner-not-specified-model-not-specified-33.md
Processing: docs\ct\vascular\ct-mdct-mesenteric-cta-philips-256-slice-7.md
Processing: docs\ct\vascular\ct-mdct-mesenteric-cta-philips-40-slice-6.md
Processing: docs\ct\vascular\ct-mdct-mesenteric-cta-philips-64-slice-7.md
Processing: docs\ct\vascular\ct-mdct-mesenteric-ischemia-ge-lightspeed-16-slice-9.md
Processing: docs\ct\vascular\ct-mdct-mesenteric-ischemia-ge-lightspeed-qx-i-4-slice-22.md
Processing: docs\ct\vascular\ct-mdct-mesenteric-ischemia-ge-lightspeed-ultra-8-slice-6.md
Processing: docs\ct\vascular\ct-mdct-mesenteric-ischemia-ge-lightspeed-vct-64-slice-28.md
Processing: docs\ct\vascular\ct-mdct-neuro-cta-aneurysm-philips-16-slice-5.md
Processing: docs\ct\vascular\ct-mdct-neuro-cta-aneurysm-with-bolus-pro-philips-64-slice-20.md
Processing: docs\ct\vascular\ct-mdct-neuro-cta-aneurysm-with-test-inject-philips-64-slice-21.md
Processing: docs\ct\vascular\ct-mdct-neuro-cta-carotid-and-circle-of-wil-ge-lightspeed-qx-i-4-slice-11.md
Processing: docs\ct\vascular\ct-mdct-neuro-cta-carotid-and-circle-of-wil-ge-lightspeed-vct-64-slice-14.md
Processing: docs\ct\vascular\ct-mdct-neuro-cta-circle-of-willis-ge-lightspeed-qx-i-4-slice-12.md
Processing: docs\ct\vascular\ct-mdct-neuro-cta-circle-of-willis-ge-lightspeed-vct-64-slice-15.md
Processing: docs\ct\vascular\ct-mdct-neuro-cta-complete-neurovasculature-philips-16-slice-6.md
Processing: docs\ct\vascular\ct-mdct-neuro-cta-complete-neurovasculature-philips-64-slice-22.md
Processing: docs\ct\vascular\ct-mdct-neuro-cta-complete-neurovasculature-philips-64-slice-23.md
Processing: docs\ct\vascular\ct-mdct-neuro-ctv-venogram-ge-lightspeed-qx-i-4-slice-13.md
Processing: docs\ct\vascular\ct-mdct-neuro-ctv-venogram-ge-lightspeed-vct-64-slice-16.md
Processing: docs\ct\vascular\ct-mdct-pe-dvt-philips-256-slice-38.md
Processing: docs\ct\vascular\ct-mdct-pe-dvt-philips-256-slice-39.md
Processing: docs\ct\vascular\ct-mdct-pe-dvt-philips-64-slice-37.md
Processing: docs\ct\vascular\ct-mdct-pe-dvt-philips-64-slice-38.md
Processing: docs\ct\vascular\ct-mdct-pe-dvt-pulmonary-embolism-pulmonary-philips-128-slice-14.md
Processing: docs\ct\vascular\ct-mdct-peripheral-artery-disease-ge-lightspeed-16slice-19.md
Processing: docs\ct\vascular\ct-mdct-peripheral-artery-disease-ge-lightspeed-64slice-10.md
Processing: docs\ct\vascular\ct-mdct-peripheral-artery-disease-ge-lightspeed-pro-16slice-5.md
Processing: docs\ct\vascular\ct-mdct-peripheral-artery-disease-ge-lightspeed-qxi-4slice-19.md
Processing: docs\ct\vascular\ct-mdct-peripheral-artery-disease-ge-lightspeed-ultra-8slice-19.md
Processing: docs\ct\vascular\ct-mdct-peripheral-artery-disease-periphera-philips-40slice-22.md
Processing: docs\ct\vascular\ct-mdct-peripheral-artery-disease-philips-16slice-22.md
Processing: docs\ct\vascular\ct-mdct-peripheral-artery-disease-philips-16slice-23.md
Processing: docs\ct\vascular\ct-mdct-peripheral-artery-disease-philips-4slice-12.md
Processing: docs\ct\vascular\ct-mdct-peripheral-artery-disease-philips-4slice-13.md
Processing: docs\ct\vascular\ct-mdct-peripheral-artery-disease-siemens-sensation-16-21.md
Processing: docs\ct\vascular\ct-mdct-peripheral-artery-disease-siemens-sensation-16-22.md
Processing: docs\ct\vascular\ct-mdct-peripheral-artery-disease-siemens-sensation-64-21.md
Processing: docs\ct\vascular\ct-mdct-peripheral-artery-disease-siemens-sensation-64-22.md
Processing: docs\ct\vascular\ct-mdct-peripheral-artery-disease-siemens-volume-zoom-4slice-21.md
Processing: docs\ct\vascular\ct-mdct-peripheral-artery-disease-siemens-volume-zoom-4slice-22.md
Processing: docs\ct\vascular\ct-mdct-peripheral-artery-disease-toshiba-aquilion-16-18.md
Processing: docs\ct\vascular\ct-mdct-peripheral-artery-disease-toshiba-aquilion-16-19.md
Processing: docs\ct\vascular\ct-mdct-peripheral-artery-disease-toshiba-aquilion-32-18.md
Processing: docs\ct\vascular\ct-mdct-peripheral-artery-disease-toshiba-aquilion-32-19.md
Processing: docs\ct\vascular\ct-mdct-peripheral-artery-disease-toshiba-aquilion-super-4-15.md
Processing: docs\ct\vascular\ct-mdct-peripheral-artery-disease-toshiba-aquilion-super-4-16.md
Processing: docs\ct\vascular\ct-mdct-peripheral-artery-disease-toshiba-aquilionone-15.md
Processing: docs\ct\vascular\ct-mdct-peripheral-cta-ge-64-slice-discovery-ct750-hd.md
Processing: docs\ct\vascular\ct-mdct-peripheral-cta-ge-lightspeed-16slice-24.md
Processing: docs\ct\vascular\ct-mdct-peripheral-cta-ge-lightspeed-qxi-4slice-24.md
Processing: docs\ct\vascular\ct-mdct-peripheral-cta-ge-lightspeed-ultra-8slice-24.md
Processing: docs\ct\vascular\ct-mdct-peripheral-cta-philips-16-slice-16.md
Processing: docs\ct\vascular\ct-mdct-peripheral-cta-philips-256-slice-40.md
Processing: docs\ct\vascular\ct-mdct-peripheral-cta-run-off-vessels-philips-128-slice-15.md
Processing: docs\ct\vascular\ct-mdct-peripheral-cta-run-off-vessels-philips-40-slice-27.md
Processing: docs\ct\vascular\ct-mdct-peripheral-cta-run-off-vessels-philips-64-slice-39.md
Processing: docs\ct\vascular\ct-mdct-pulmonary-embolism-plus-deep-vein-t-ge-lightspeed-16slice-16.md
Processing: docs\ct\vascular\ct-mdct-pulmonary-embolism-plus-deep-vein-t-ge-lightspeed-64slice-7.md
Processing: docs\ct\vascular\ct-mdct-pulmonary-embolism-plus-deep-vein-t-ge-lightspeed-pro-16slice-2.md
Processing: docs\ct\vascular\ct-mdct-pulmonary-embolism-plus-deep-vein-t-ge-lightspeed-qxi-4slice-16.md
Processing: docs\ct\vascular\ct-mdct-pulmonary-embolism-plus-deep-vein-t-ge-lightspeed-ultra-8slice-16.md
Processing: docs\ct\vascular\ct-mdct-pulmonary-embolism-plus-deep-vein-t-philips-16slice-24.md
Processing: docs\ct\vascular\ct-mdct-pulmonary-embolism-plus-deep-vein-t-philips-16slice-25.md
Processing: docs\ct\vascular\ct-mdct-pulmonary-embolism-plus-deep-vein-t-philips-40slice-24.md
Processing: docs\ct\vascular\ct-mdct-pulmonary-embolism-plus-deep-vein-t-philips-4slice-14.md
Processing: docs\ct\vascular\ct-mdct-pulmonary-embolism-plus-deep-vein-t-philips-4slice-15.md
Processing: docs\ct\vascular\ct-mdct-pulmonary-embolism-plus-deep-vein-t-siemens-sensation-16-23.md
Processing: docs\ct\vascular\ct-mdct-pulmonary-embolism-plus-deep-vein-t-siemens-sensation-16-24.md
Processing: docs\ct\vascular\ct-mdct-pulmonary-embolism-plus-deep-vein-t-siemens-sensation-64-23.md
Processing: docs\ct\vascular\ct-mdct-pulmonary-embolism-plus-deep-vein-t-siemens-sensation-64-24.md
Processing: docs\ct\vascular\ct-mdct-pulmonary-embolism-plus-deep-vein-t-siemens-volume-zoom-4slice-23.md
Processing: docs\ct\vascular\ct-mdct-pulmonary-embolism-plus-deep-vein-t-siemens-volume-zoom-4slice-24.md
Processing: docs\ct\vascular\ct-mdct-pulmonary-embolism-plus-deep-vein-t-toshiba-aquilion-16-21.md
Processing: docs\ct\vascular\ct-mdct-pulmonary-embolism-plus-deep-vein-t-toshiba-aquilion-32-21.md
Processing: docs\ct\vascular\ct-mdct-pulmonary-embolism-plus-deep-vein-t-toshiba-aquilion-super-4-18.md
Processing: docs\ct\vascular\ct-mdct-renal-arteries-ge-lightspeed-16slice-17.md
Processing: docs\ct\vascular\ct-mdct-renal-arteries-ge-lightspeed-16slice-18.md
Processing: docs\ct\vascular\ct-mdct-renal-arteries-ge-lightspeed-64slice-9.md
Processing: docs\ct\vascular\ct-mdct-renal-arteries-ge-lightspeed-pro-16slice-3.md
Processing: docs\ct\vascular\ct-mdct-renal-arteries-ge-lightspeed-pro-16slice-4.md
Processing: docs\ct\vascular\ct-mdct-renal-arteries-ge-lightspeed-qx-i-4-slice-24.md
Processing: docs\ct\vascular\ct-mdct-renal-arteries-ge-lightspeed-qxi-4slice-17.md
Processing: docs\ct\vascular\ct-mdct-renal-arteries-ge-lightspeed-qxi-4slice-18.md
Processing: docs\ct\vascular\ct-mdct-renal-arteries-ge-lightspeed-ultra-8slice-17.md
Processing: docs\ct\vascular\ct-mdct-renal-arteries-ge-lightspeed-ultra-8slice-18.md
Processing: docs\ct\vascular\ct-mdct-renal-arteries-siemens-sensation-16-25.md
Processing: docs\ct\vascular\ct-mdct-renal-arteries-siemens-sensation-64-25.md
Processing: docs\ct\vascular\ct-mdct-renal-arteries-siemens-volume-zoom-4slice-25.md
Processing: docs\ct\vascular\ct-mdct-renal-ct-angiography-philips-256-slice-10.md
Processing: docs\ct\vascular\ct-mdct-renal-ct-angiography-philips-40-slice-8.md
Processing: docs\ct\vascular\ct-mdct-renal-ct-angiography-philips-64-slice-9.md
Processing: docs\ct\vascular\ct-mdct-run-off-vessels-ge-lightspeed-16-slice-10.md
Processing: docs\ct\vascular\ct-mdct-run-off-vessels-ge-lightspeed-qx-i-4-slice-25.md
Processing: docs\ct\vascular\ct-mdct-run-off-vessels-ge-lightspeed-ultra-8-slice-7.md
Processing: docs\ct\vascular\ct-mdct-run-off-vessels-ge-lightspeed-vct-64-slice-29.md
Processing: docs\ct\vascular\ct-mdct-run-off-vessels-thoracoabdominal-ao-philips-16slice-20.md
Processing: docs\ct\vascular\ct-mdct-run-off-vessels-thoracoabdominal-ao-philips-40slice-19.md
Processing: docs\ct\vascular\ct-mdct-thoracic-aorta-aneurysm-toshiba-aquilionone-17.md
Processing: docs\ct\vascular\ct-mdct-thoracic-aorta-gated-ge-lightspeed-16slice-20.md
Processing: docs\ct\vascular\ct-mdct-thoracic-aorta-gated-ge-lightspeed-pro-16slice-6.md
Processing: docs\ct\vascular\ct-mdct-thoracic-aorta-gated-ge-lightspeed-qxi-4slice-20.md
Processing: docs\ct\vascular\ct-mdct-thoracic-aorta-gated-ge-lightspeed-ultra-8slice-20.md
Processing: docs\ct\vascular\ct-mdct-thoracic-aorta-gated-ge-lightspeed-vct-64slice-10.md
Processing: docs\ct\vascular\ct-mdct-thoracic-aorta-gated-philips-16slice-28.md
Processing: docs\ct\vascular\ct-mdct-thoracic-aorta-gated-philips-40slice-27.md
Processing: docs\ct\vascular\ct-mdct-thoracic-aorta-gated-philips-4slice-18.md
Processing: docs\ct\vascular\ct-mdct-thoracic-aorta-gated-philips-64-slice-42.md
Processing: docs\ct\vascular\ct-mdct-thoracic-aorta-gated-siemens-sensation-16-27.md
Processing: docs\ct\vascular\ct-mdct-thoracic-aorta-gated-siemens-sensation-64-27.md
Processing: docs\ct\vascular\ct-mdct-thoracic-aorta-gated-siemens-volume-zoom-4slice-27.md
Processing: docs\ct\vascular\ct-mdct-thoracic-aorta-gated-thoracic-aorta-philips-256-slice-43.md
Processing: docs\ct\vascular\ct-mdct-thoracic-aorta-gated-toshiba-aquilion-16-15.md
Processing: docs\ct\vascular\ct-mdct-thoracic-aorta-gated-toshiba-aquilion-32-15.md
Processing: docs\ct\vascular\ct-mdct-thoracic-aorta-gated-toshiba-aquilion-super-4-14.md
Processing: docs\ct\vascular\ct-mdct-thoracic-aorta-general-ge-lightspeed-16slice-21.md
Processing: docs\ct\vascular\ct-mdct-thoracic-aorta-general-ge-lightspeed-pro-16slice-7.md
Processing: docs\ct\vascular\ct-mdct-thoracic-aorta-general-ge-lightspeed-qx-i-4-slice-27.md
Processing: docs\ct\vascular\ct-mdct-thoracic-aorta-general-ge-lightspeed-qxi-4slice-21.md
Processing: docs\ct\vascular\ct-mdct-thoracic-aorta-general-ge-lightspeed-ultra-8slice-21.md
Processing: docs\ct\vascular\ct-mdct-thoracic-aorta-general-philips-16slice-26.md
Processing: docs\ct\vascular\ct-mdct-thoracic-aorta-general-philips-40slice-25.md
Processing: docs\ct\vascular\ct-mdct-thoracic-aorta-general-philips-4slice-16.md
Processing: docs\ct\vascular\ct-mdct-thoracic-aorta-general-siemens-sensation-16-26.md
Processing: docs\ct\vascular\ct-mdct-thoracic-aorta-general-siemens-sensation-64-26.md
Processing: docs\ct\vascular\ct-mdct-thoracic-aorta-general-siemens-volume-zoom-4slice-26.md
Processing: docs\ct\vascular\ct-mdct-thoracic-aorta-general-toshiba-aquilion-16-22.md
Processing: docs\ct\vascular\ct-mdct-thoracic-aorta-general-toshiba-aquilion-32-22.md
Processing: docs\ct\vascular\ct-mdct-thoracic-aorta-general-toshiba-aquilion-super-4-19.md
Processing: docs\ct\vascular\ct-mdct-thoracic-aorta-philips-128-slice-17.md
Processing: docs\ct\vascular\ct-mdct-thoracic-aorta-philips-256-slice-42.md
Processing: docs\ct\vascular\ct-mdct-thoracic-aorta-philips-64-slice-41.md
Processing: docs\ct\vascular\ct-mdct-thoracic-aorta-prospective-gating-philips-128-slice-18.md
Processing: docs\ct\vascular\ct-mdct-thoracic-aorta-thoracoabdominal-aor-philips-128-slice-19.md
Processing: docs\ct\vascular\ct-mdct-thoracoabdominal-aorta-gated-philips-40-slice-30.md
Processing: docs\ct\vascular\ct-mdct-thoracoabdominal-aorta-gated-philips-64-slice-44.md
Processing: docs\ct\vascular\ct-mdct-thoracoabdominal-aorta-ge-lightspeed-16-slice-12.md
Processing: docs\ct\vascular\ct-mdct-thoracoabdominal-aorta-ge-lightspeed-qx-i-4-slice-28.md
Processing: docs\ct\vascular\ct-mdct-thoracoabdominal-aorta-ge-lightspeed-vct-64-slice-32.md
Processing: docs\ct\vascular\ct-mdct-thoracoabdominal-aorta-ge-lightspeed-vct-64slice-15.md
Processing: docs\ct\vascular\ct-mdct-thoracoabdominal-aorta-philips-16-slice-17.md
Processing: docs\ct\vascular\ct-mdct-thoracoabdominal-aorta-philips-256-slice-44.md
Processing: docs\ct\vascular\ct-mdct-thoracoabdominal-aorta-philips-40-slice-29.md
Processing: docs\ct\vascular\ct-mdct-thoracoabdominal-aorta-philips-64-slice-43.md
Processing: docs\ct\vascular\ct-mdct-thoracoabdominal-aorta-prospective-philips-256-slice-45.md
Processing: docs\ct\vascular\ct-mdct-thoracoabdominal-aorta-thoracoabdom-philips-128-slice-20.md
Processing: docs\ct\vascular\ct-mdct-trauma-workup-vascular-chestparench-ge-lightspeed-16-slice-13.md
Processing: docs\ct\vascular\ct-mdct-trauma-workup-vascular-chestparench-ge-lightspeed-qx-i-4-slice-29.md
Processing: docs\ct\vascular\ct-mdct-trauma-workup-vascular-chestparench-ge-lightspeed-ultra-8-slice-9.md
Processing: docs\ct\vascular\ct-mdct-trauma-workup-vascular-chestparench-ge-lightspeed-vct-64-slice-33.md
Processing: docs\ct\vascular\ct-mdct-vascular-injury-trauma-ge-lightspeed-vct-64slice-13.md
Processing: docs\ct\vascular\ct-mdct-vascular-injury-trauma-philips-16slice-27.md
Processing: docs\ct\vascular\ct-mdct-vascular-injury-trauma-philips-16slice-29.md
Processing: docs\ct\vascular\ct-mdct-vascular-injury-trauma-philips-40slice-26.md
Processing: docs\ct\vascular\ct-mdct-vascular-injury-trauma-philips-4slice-17.md
Processing: docs\ct\vascular\ct-mdct-vascular-injury-trauma-philips-4slice-19.md
Processing: docs\ct\vascular\ct-mdct-vascular-injury-trauma-protocol-canon-toshiba-aquilionone.md
Processing: docs\ct\vascular\ct-mdct-vascular-injury-trauma-siemens-sensation-16-28.md
Processing: docs\ct\vascular\ct-mdct-vascular-injury-trauma-siemens-sensation-16-29.md
Processing: docs\ct\vascular\ct-mdct-vascular-injury-trauma-siemens-sensation-64-28.md
Processing: docs\ct\vascular\ct-mdct-vascular-injury-trauma-siemens-sensation-64-29.md
Processing: docs\ct\vascular\ct-mdct-vascular-injury-trauma-siemens-volume-zoom-4slice-28.md
Processing: docs\ct\vascular\ct-mdct-vascular-injury-trauma-siemens-volume-zoom-4slice-29.md
Processing: docs\ct\vascular\ct-mdct-vascular-injury-trauma-toshiba-aquilion-16-23.md
Processing: docs\ct\vascular\ct-mdct-vascular-injury-trauma-toshiba-aquilion-32-23.md
Processing: docs\ct\vascular\ct-mdct-vascular-injury-trauma-toshiba-aquilion-super-4-20.md
Processing: docs\ct\vascular\ct-reconstructie-mamara-diep-mcb.md
Processing: docs\ct\vascular\ct-vena-cava-inferioara-mcb.md
Processing: docs\ct\vascular\ct-vena-cava-superioara-mcb.md
Processing: docs\ct\vascular\ct-venografie-membre-inferioare-mcb.md
Processing: docs\ct\vascular\cta-abdomen-pelvis.md
Processing: docs\ct\vascular\cta-acute-gi-bleed-ohsu.md
Processing: docs\ct\vascular\cta-chest-abdomen-pelvis.md
Processing: docs\ct\vascular\cta-chest.md
Processing: docs\ct\vascular\cta-diep-flap-ohsu.md
Processing: docs\ct\vascular\cta-diep-flap-pre-operative.md
Processing: docs\ct\vascular\cta-for-gi-bleed.md
Processing: docs\ct\vascular\cta-lower-extremity-free-flap.md
Processing: docs\ct\vascular\cta-lower-extremity-runoff-for-pad.md
Processing: docs\ct\vascular\cta-lower-extremity-runoff-ohsu.md
Processing: docs\ct\vascular\cta-mesenteric-ischemia.md
Processing: docs\ct\vascular\cta-pelvis-cyclist-iliac-artery-maneuver.md
Processing: docs\ct\vascular\cta-pelvis-prostate-artery-embolization.md
Processing: docs\ct\vascular\cta-popliteal-entrapment.md
Processing: docs\ct\vascular\cta-scadfmd-protocol.md
Processing: docs\ct\vascular\cta-upper-extremity.md
Processing: docs\ct\vascular\ctv-abdomen-pelvis.md
Processing: docs\ct\vascular\ctv-chest-abdomen-pelvis.md

Generated comparison index with 1054 protocols
Saved to: docs\javascripts\protocol-comparison-index.json
